[33mThe CJS build of Vite's Node API is deprecated. See https://vite.dev/guide/troubleshooting.html#vite-cjs-node-api-deprecated for more details.[39m

[1m[7m[36m RUN [39m[27m[22m [36mv2.1.9 [39m[90mC:/software/Devonz[39m

 [31m❯[39m app/lib/services/contextService.spec.ts [2m([22m[2m0 test[22m[2m)[22m
 [32m✓[39m app/lib/modules/__tests__/parity.test.ts [2m([22m[2m4 tests[22m[2m)[22m[90m 2[2mms[22m[39m
 [32m✓[39m app/utils/classNames.spec.ts [2m([22m[2m24 tests[22m[2m)[22m[90m 4[2mms[22m[39m
[90mstderr[2m | app/lib/env-validation.test.ts[2m > [22m[2mEnvironment Validation[2m > [22m[2mshould return valid config with defaults
[22m[39mNo LLM provider API keys configured. Users must set keys via the UI.

[90mstdout[2m | app/lib/env-validation.test.ts[2m > [22m[2mEnvironment Validation[2m > [22m[2mshould accept valid production config
[22m[39mConfigured LLM providers: Anthropic

 [32m✓[39m app/utils/debounce.spec.ts [2m([22m[2m9 tests[22m[2m)[22m[90m 7[2mms[22m[39m
[90mstderr[2m | app/lib/env-validation.test.ts[2m > [22m[2mEnvironment Validation[2m > [22m[2mshould reject invalid NODE_ENV
[22m[39mEnvironment validation failed:
  - NODE_ENV: Invalid enum value. Expected 'development' | 'production' | 'test', received 'invalid'
Continuing with defaults in non-production mode...

 [31m❯[39m app/lib/security.test.ts [2m([22m[2m0 test[22m[2m)[22m
[90mstderr[2m | app/lib/env-validation.test.ts[2m > [22m[2mEnvironment Validation[2m > [22m[2mshould reject invalid URL formats for service URLs
[22m[39mEnvironment validation failed:
  - OLLAMA_API_BASE_URL: Invalid url
Continuing with defaults in non-production mode...

 [32m✓[39m app/lib/env-validation.test.ts [2m([22m[2m4 tests[22m[2m)[22m[90m 6[2mms[22m[39m
 [32m✓[39m app/utils/stripIndent.spec.ts [2m([22m[2m17 tests[22m[2m)[22m[90m 4[2mms[22m[39m
 [32m✓[39m app/utils/sampler.spec.ts [2m([22m[2m10 tests[22m[2m)[22m[90m 7[2mms[22m[39m
 [32m✓[39m app/lib/services/graphService.spec.ts [2m([22m[2m6 tests[22m[2m)[22m[90m 4[2mms[22m[39m
 [32m✓[39m app/lib/services/agentToolsService.spec.ts [2m([22m[2m39 tests[22m[2m)[22m[90m 19[2mms[22m[39m
 [32m✓[39m app/lib/stores/sidebar.spec.ts [2m([22m[2m5 tests[22m[2m)[22m[90m 2[2mms[22m[39m
 [32m✓[39m app/lib/services/legacyAgentService.spec.ts [2m([22m[2m39 tests[22m[2m)[22m[90m 23[2mms[22m[39m
 [31m❯[39m app/utils/fileUtils.spec.ts [2m([22m[2m27 tests[22m[2m | [22m[31m8 failed[39m[2m)[22m[90m 23[2mms[22m[39m
[31m   [31m×[31m fileUtils[2m > [22misBinaryFile[2m > [22mshould detect text file as non-binary[90m 7[2mms[22m[31m[39m
[31m     → file.slice(...).arrayBuffer is not a function[39m
[31m   [31m×[31m fileUtils[2m > [22misBinaryFile[2m > [22mshould detect file with null bytes as binary[90m 1[2mms[22m[31m[39m
[31m     → file.slice(...).arrayBuffer is not a function[39m
[31m   [31m×[31m fileUtils[2m > [22misBinaryFile[2m > [22mshould detect file with control characters as binary[90m 1[2mms[22m[31m[39m
[31m     → file.slice(...).arrayBuffer is not a function[39m
[31m   [31m×[31m fileUtils[2m > [22misBinaryFile[2m > [22mshould allow tab characters in text files[90m 1[2mms[22m[31m[39m
[31m     → file.slice(...).arrayBuffer is not a function[39m
[31m   [31m×[31m fileUtils[2m > [22misBinaryFile[2m > [22mshould allow newline characters[90m 1[2mms[22m[31m[39m
[31m     → file.slice(...).arrayBuffer is not a function[39m
[31m   [31m×[31m fileUtils[2m > [22misBinaryFile[2m > [22mshould handle empty file[90m 1[2mms[22m[31m[39m
[31m     → file.slice(...).arrayBuffer is not a function[39m
[31m   [31m×[31m fileUtils[2m > [22misBinaryFile[2m > [22mshould only check first 1024 bytes[90m 2[2mms[22m[31m[39m
[31m     → file.slice(...).arrayBuffer is not a function[39m
[31m   [31m×[31m fileUtils[2m > [22misBinaryFile[2m > [22mshould detect JSON as non-binary[90m 1[2mms[22m[31m[39m
[31m     → file.slice(...).arrayBuffer is not a function[39m
[90mstdout[2m | app/lib/stores/autofix.spec.ts[2m > [22m[2mautoFixStore[2m > [22m[2minitial state[2m > [22m[2mshould have isFixing as false
[22m[39mDEBUG AutoFixStore Auto-fix session reset

 [32m✓[39m app/lib/stores/theme.spec.ts [2m([22m[2m5 tests[22m[2m)[22m[90m 5[2mms[22m[39m
 [32m✓[39m app/lib/api-validation.test.ts [2m([22m[2m13 tests[22m[2m)[22m[90m 9[2mms[22m[39m
[90mstdout[2m | app/lib/stores/autofix.spec.ts[2m > [22m[2mautoFixStore[2m > [22m[2minitial state[2m > [22m[2mshould have currentRetries as 0
[22m[39mDEBUG AutoFixStore Auto-fix session reset

[90mstdout[2m | app/lib/stores/autofix.spec.ts[2m > [22m[2mautoFixStore[2m > [22m[2minitial state[2m > [22m[2mshould have default settings
[22m[39mDEBUG AutoFixStore Auto-fix session reset

[90mstdout[2m | app/lib/stores/autofix.spec.ts[2m > [22m[2mautoFixStore[2m > [22m[2minitial state[2m > [22m[2mshould have empty fixHistory
[22m[39mDEBUG AutoFixStore Auto-fix session reset

[90mstdout[2m | app/lib/stores/autofix.spec.ts[2m > [22m[2mautoFixStore[2m > [22m[2minitial state[2m > [22m[2mshould have null currentError
[22m[39mDEBUG AutoFixStore Auto-fix session reset

[90mstdout[2m | app/lib/stores/autofix.spec.ts[2m > [22m[2mautoFixStore[2m > [22m[2mgetAutoFixStatus[2m > [22m[2mshould return current status
[22m[39mDEBUG AutoFixStore Auto-fix session reset

[90mstdout[2m | app/lib/stores/autofix.spec.ts[2m > [22m[2mautoFixStore[2m > [22m[2mgetAutoFixStatus[2m > [22m[2mshould reflect store state
[22m[39mDEBUG AutoFixStore Auto-fix session reset

[90mstdout[2m | app/lib/stores/autofix.spec.ts[2m > [22m[2mautoFixStore[2m > [22m[2mresetAutoFix[2m > [22m[2mshould reset isFixing to false
[22m[39mDEBUG AutoFixStore Auto-fix session reset
INFO AutoFixStore Starting auto-fix attempt 1/3 [object Object]
DEBUG AutoFixStore Auto-fix session reset

[90mstdout[2m | app/lib/stores/autofix.spec.ts[2m > [22m[2mautoFixStore[2m > [22m[2mresetAutoFix[2m > [22m[2mshould reset currentRetries to 0
[22m[39mDEBUG AutoFixStore Auto-fix session reset
INFO AutoFixStore Starting auto-fix attempt 1/3 [object Object]
DEBUG AutoFixStore Auto-fix session reset

[90mstdout[2m | app/lib/stores/autofix.spec.ts[2m > [22m[2mautoFixStore[2m > [22m[2mresetAutoFix[2m > [22m[2mshould preserve settings
[22m[39mDEBUG AutoFixStore Auto-fix session reset
DEBUG AutoFixStore Auto-fix session reset

[90mstdout[2m | app/lib/stores/autofix.spec.ts[2m > [22m[2mautoFixStore[2m > [22m[2mresetAutoFix[2m > [22m[2mshould clear fixHistory
[22m[39mDEBUG AutoFixStore Auto-fix session reset
DEBUG AutoFixStore Auto-fix session reset

[90mstdout[2m | app/lib/stores/autofix.spec.ts[2m > [22m[2mautoFixStore[2m > [22m[2mstartAutoFix[2m > [22m[2mshould set isFixing to true
[22m[39mDEBUG AutoFixStore Auto-fix session reset
INFO AutoFixStore Starting auto-fix attempt 1/3 [object Object]

[90mstdout[2m | app/lib/stores/autofix.spec.ts[2m > [22m[2mautoFixStore[2m > [22m[2mstartAutoFix[2m > [22m[2mshould set currentError
[22m[39mDEBUG AutoFixStore Auto-fix session reset
INFO AutoFixStore Starting auto-fix attempt 1/3 [object Object]

[90mstdout[2m | app/lib/stores/chat.spec.ts[2m > [22m[2mchatStore[2m > [22m[2msetPendingChatMessage[2m > [22m[2mshould set pending message
[22m[39m[State] chatStore/setPendingChatMessage
  Payload: [ [32m'Hello from inspector'[39m ]
[State] chatStore/clearPendingChatMessage
  Payload: []

[90mstdout[2m | app/lib/modules/__tests__/security.test.ts[2m > [22m[2mSecurity Regression: SSRF Protection[2m > [22m[2mshould block internal IP addresses
[22m[39mERROR SSRFGuard SSRF Blocked: Attempted request to internal IP 127.0.0.1
ERROR SSRFGuard SSRF Blocked: Attempted request to internal IP 192.168.1.1
ERROR SSRFGuard SSRF Blocked: Attempted request to internal IP 10.0.0.1
ERROR SSRFGuard SSRF Blocked: Attempted request to internal IP 169.254.169.254

[90mstdout[2m | app/lib/stores/autofix.spec.ts[2m > [22m[2mautoFixStore[2m > [22m[2mstartAutoFix[2m > [22m[2mshould increment currentRetries
[22m[39mDEBUG AutoFixStore Auto-fix session reset
INFO AutoFixStore Starting auto-fix attempt 1/3 [object Object]

[90mstdout[2m | app/lib/stores/chat.spec.ts[2m > [22m[2mchatStore[2m > [22m[2msetPendingChatMessage[2m > [22m[2mshould overwrite previous pending message
[22m[39m[State] chatStore/setPendingChatMessage
  Payload: [ [32m'First message'[39m ]
[State] chatStore/setPendingChatMessage
  Payload: [ [32m'Second message'[39m ]
[State] chatStore/clearPendingChatMessage
  Payload: []

[90mstdout[2m | app/lib/modules/__tests__/security.test.ts[2m > [22m[2mSecurity Regression: SSRF Protection[2m > [22m[2mshould block localhost and local hostnames
[22m[39mWARN SSRFGuard SSRF Warning: Potential local hostname detected: localhost
WARN SSRFGuard SSRF Warning: Potential local hostname detected: dev.internal

[90mstdout[2m | app/lib/stores/autofix.spec.ts[2m > [22m[2mautoFixStore[2m > [22m[2mstartAutoFix[2m > [22m[2mshould return false if already fixing
[22m[39mDEBUG AutoFixStore Auto-fix session reset
INFO AutoFixStore Starting auto-fix attempt 1/3 [object Object]
DEBUG AutoFixStore Already fixing, queuing error

[90mstdout[2m | app/lib/stores/chat.spec.ts[2m > [22m[2mchatStore[2m > [22m[2msetPendingChatMessage[2m > [22m[2mshould handle empty string
[22m[39m[State] chatStore/setPendingChatMessage
  Payload: [ [32m''[39m ]
[State] chatStore/clearPendingChatMessage
  Payload: []

[90mstdout[2m | app/lib/modules/__tests__/security.test.ts[2m > [22m[2mSecurity Regression: Log Redaction[2m > [22m[2mshould scrub tokens from authorization headers
[22m[39mDEBUG LogRedactor Redacted sensitive data: API Key

[90mstdout[2m | app/lib/stores/autofix.spec.ts[2m > [22m[2mautoFixStore[2m > [22m[2mrecordFixAttempt[2m > [22m[2mshould add to fixHistory on failure
[22m[39mDEBUG AutoFixStore Auto-fix session reset
INFO AutoFixStore Starting auto-fix attempt 1/3 [object Object]
INFO AutoFixStore Auto-fix attempt failed, 2 retries remaining

[90mstdout[2m | app/lib/stores/chat.spec.ts[2m > [22m[2mchatStore[2m > [22m[2msetPendingChatMessage[2m > [22m[2mshould handle long messages
[22m[39m[State] chatStore/setPendingChatMessage
  Payload: [
    [32m'aaaaaaaaaaaaaaaaaaaaaaaaaaaaaaaaaaaaaaaaaaaaaaaaaaaaaaaaaaaaaaaaaaaaaaaaaaaaaaaaaaaaaaaaaaaaaaaaaaaaaaaaaaaaaaaaaaaaaaaaaaaaaaaaaaaaaaaaaaaaaaaaaaaaaaaaaaaaaaaaaaaaaaaaaaaaaaaaaaaaaaaaaaaaaaaaaaaaaaaaaaaaaaaaaaaaaaaaaaaaaaaaaaaaaaaaaaaaaaaaaaaaaaaaaaaaaaaaaaaaaaaaaaaaaaaaaaaaaaaaaaaaaaaaaaaaaaaaaaaaaaaaaaaaaaaaaaaaaaaaaaaaaaaaaaaaaaaaaaaaaaaaaaaaaaaaaaaaaaaaaaaaaaaaaaaaaaaaaaaaaaaaaaaaaaaaaaaaaaaaaaaaaaaaaaaaaaaaaaaaaaaaaaaaaaaaaaaaaaaaaaaaaaaaaaaaaaaaaaaaaaaaaaaaaaaaaaaaaaaaaaaaaaaaaaaaaaaaaaaaaaaaaaaaaaaaaaaaaaaaaaaaaaaaaaaaaaaaaaaaaaaaaaaaaaaaaaaaaaaaaaaaaaaaaaaaaaaaaaaaaaaaaaaaaaaaaaaaaaaaaaaaaaaaaaaaaaaaaaaaaaaaaaaaaaaaaaaaaaaaaaaaaaaaaaaaaaaaaaaaaaaaaaaaaaaaaaaaaaaaaaaaaaaaaaaaaaaaaaaaaaaaaaaaaaaaaaaaaaaaaaaaaaaaaaaaaaaaaaaaaaaaaaaaaaaaaaaaaaaaaaaaaaaaaaaaaaaaaaaaaaaaaaaaaaaaaaaaaaaaaaaaaaaaaaaaaaaaaaaaaaaaaaaaaaaaaaaaaaaaaaaaaaaaaaaaaaaaaaaaaaaaaaaaaaaaaaaaaaaaaaaaaaaaaaaaaaaaaaaaaaaaaaaaaaaaaaaaaaaaaaaaaaaaaaaaaaaaaaaaaaaaaaaaaaaaaaaaaaaaaaaaaaaaaaaaaaaaaaaaaaaaaaaaaaaaaaaaaaaaaaaaaaaaaaaaaaaaaaaaaaaaaaaaaaaaaaaaaaaaaaaaaaaaaaaaaaaaaaaaaaaaaaaaaaaaaaaaaaaaaaaaaaaaaaaaaaaaaaaaaaaaaaaaaaaaaaaaaaaaaaaaaaaaaaaaaaaaaaaaaaaaaaaaaaaaaaaaaaaaaaaaaaaaaaaaaaaaaaaaaaaaaaaaaaaaaaaaaaaaaaaaaaaaaaaaaaaaaaaaaaaaaaaaaaaaaaaaaaaaaaaaaaaaaaaaaaaaaaaaaaaaaaaaaaaaaaaaaaaaaaaaaaaaaaaaaaaaaaaaaaaaaaaaaaaaaaaaaaaaaaaaaaaaaaaaaaaaaaaaaaaaaaaaaaaaaaaaaaaaaaaaaaaaaaaaaaaaaaaaaaaaaaaaaaaaaaaaaaaaaaaaaaaaaaaaaaaaaaaaaaaaaaaaaaaaaaaaaaaaaaaaaaaaaaaaaaaaaaaaaaaaaaaaaaaaaaaaaaaaaaaaaaaaaaaaaaaaaaaaaaaaaaaaaaaaaaaaaaaaaaaaaaaaaaaaaaaaaaaaaaaaaaaaaaaaaaaaaaaaaaaaaaaaaaaaaaaaaaaaaaaaaaaaaaaaaaaaaaaaaaaaaaaaaaaaaaaaaaaaaaaaaaaaaaaaaaaaaaaaaaaaaaaaaaaaaaaaaaaaaaaaaaaaaaaaaaaaaaaaaaaaaaaaaaaaaaaaaaaaaaaaaaaaaaaaaaaaaaaaaaaaaaaaaaaaaaaaaaaaaaaaaaaaaaaaaaaaaaaaaaaaaaaaaaaaaaaaaaaaaaaaaaaaaaaaaaaaaaaaaaaaaaaaaaaaaaaaaaaaaaaaaaaaaaaaaaaaaaaaaaaaaaaaaaaaaaaaaaaaaaaaaaaaaaaaaaaaaaaaaaaaaaaaaaaaaaaaaaaaaaaaaaaaaaaaaaaaaaaaaaaaaaaaaaaaaaaaaaaaaaaaaaaaaaaaaaaaaaaaaaaaaaaaaaaaaaaaaaaaaaaaaaaaaaaaaaaaaaaaaaaaaaaaaaaaaaaaaaaaaaaaaaaaaaaaaaaaaaaaaaaaaaaaaaaaaaaaaaaaaaaaaaaaaaaaaaaaaaaaaaaaaaaaaaaaaaaaaaaaaaaaaaaaaaaaaaaaaaaaaaaaaaaaaaaaaaaaaaaaaaaaaaaaaaaaaaaaaaaaaaaaaaaaaaaaaaaaaaaaaaaaaaaaaaaaaaaaaaaaaaaaaaaaaaaaaaaaaaaaaaaaaaaaaaaaaaaaaaaaaaaaaaaaaaaaaaaaaaaaaaaaaaaaaaaaaaaaaaaaaaaaaaaaaaaaaaaaaaaaaaaaaaaaaaaaaaaaaaaaaaaaaaaaaaaaaaaaaaaaaaaaaaaaaaaaaaaaaaaaaaaaaaaaaaaaaaaaaaaaaaaaaaaaaaaaaaaaaaaaaaaaaaaaaaaaaaaaaaaaaaaaaaaaaaaaaaaaaaaaaaaaaaaaaaaaaaaaaaaaaaaaaaaaaaaaaaaaaaaaaaaaaaaaaaaaaaaaaaaaaaaaaaaaaaaaaaaaaaaaaaaaaaaaaaaaaaaaaaaaaaaaaaaaaaaaaaaaaaaaaaaaaaaaaaaaaaaaaaaaaaaaaaaaaaaaaaaaaaaaaaaaaaaaaaaaaaaaaaaaaaaaaaaaaaaaaaaaaaaaaaaaaaaaaaaaaaaaaaaaaaaaaaaaaaaaaaaaaaaaaaaaaaaaaaaaaaaaaaaaaaaaaaaaaaaaaaaaaaaaaaaaaaaaaaaaaaaaaaaaaaaaaaaaaaaaaaaaaaaaaaaaaaaaaaaaaaaaaaaaaaaaaaaaaaaaaaaaaaaaaaaaaaaaaaaaaaaaaaaaaaaaaaaaaaaaaaaaaaaaaaaaaaaaaaaaaaaaaaaaaaaaaaaaaaaaaaaaaaaaaaaaaaaaaaaaaaaaaaaaaaaaaaaaaaaaaaaaaaaaaaaaaaaaaaaaaaaaaaaaaaaaaaaaaaaaaaaaaaaaaaaaaaaaaaaaaaaaaaaaaaaaaaaaaaaaaaaaaaaaaaaaaaaaaaaaaaaaaaaaaaaaaaaaaaaaaaaaaaaaaaaaaaaaaaaaaaaaaaaaaaaaaaaaaaaaaaaaaaaaaaaaaaaaaaaaaaaaaaaaaaaaaaaaaaaaaaaaaaaaaaaaaaaaaaaaaaaaaaaaaaaaaaaaaaaaaaaaaaaaaaaaaaaaaaaaaaaaaaaaaaaaaaaaaaaaaaaaaaaaaaaaaaaaaaaaaaaaaaaaaaaaaaaaaaaaaaaaaaaaaaaaaaaaaaaaaaaaaaaaaaaaaaaaaaaaaaaaaaaaaaaaaaaaaaaaaaaaaaaaaaaaaaaaaaaaaaaaaaaaaaaaaaaaaaaaaaaaaaaaaaaaaaaaaaaaaaaaaaaaaaaaaaaaaaaaaaaaaaaaaaaaaaaaaaaaaaaaaaaaaaaaaaaaaaaaaaaaaaaaaaaaaaaaaaaaaaaaaaaaaaaaaaaaaaaaaaaaaaaaaaaaaaaaaaaaaaaaaaaaaaaaaaaaaaaaaaaaaaaaaaaaaaaaaaaaaaaaaaaaaaaaaaaaaaaaaaaaaaaaaaaaaaaaaaaaaaaaaaaaaaaaaaaaaaaaaaaaaaaaaaaaaaaaaaaaaaaaaaaaaaaaaaaaaaaaaaaaaaaaaaaaaaaaaaaaaaaaaaaaaaaaaaaaaaaaaaaaaaaaaaaaaaaaaaaaaaaaaaaaaaaaaaaaaaaaaaaaaaaaaaaaaaaaaaaaaaaaaaaaaaaaaaaaaaaaaaaaaaaaaaaaaaaaaaaaaaaaaaaaaaaaaaaaaaaaaaaaaaaaaaaaaaaaaaaaaaaaaaaaaaaaaaaaaaaaaaaaaaaaaaaaaaaaaaaaaaaaaaaaaaaaaaaaaaaaaaaaaaaaaaaaaaaaaaaaaaaaaaaaaaaaaaaaaaaaaaaaaaaaaaaaaaaaaaaaaaaaaaaaaaaaaaaaaaaaaaaaaaaaaaaaaaaaaaaaaaaaaaaaaaaaaaaaaaaaaaaaaaaaaaaaaaaaaaaaaaaaaaaaaaaaaaaaaaaaaaaaaaaaaaaaaaaaaaaaaaaaaaaaaaaaaaaaaaaaaaaaaaaaaaaaaaaaaaaaaaaaaaaaaaaaaaaaaaaaaaaaaaaaaaaaaaaaaaaaaaaaaaaaaaaaaaaaaaaaaaaaaaaaaaaaaaaaaaaaaaaaaaaaaaaaaaaaaaaaaaaaaaaaaaaaaaaaaaaaaaaaaaaaaaaaaaaaaaaaaaaaaaaaaaaaaaaaaaaaaaaaaaaaaaaaaaaaaaaaaaaaaaaaaaaaaaaaaaaaaaaaaaaaaaaaaaaaaaaaaaaaaaaaaaaaaaaaaaaaaaaaaaaaaaaaaaaaaaaaaaaaaaaaaaaaaaaaaaaaaaaaaaaaaaaaaaaaaaaaaaaaaaaaaaaaaaaaaaaaaaaaaaaaaaaaaaaaaaaaaaaaaaaaaaaaaaaaaaaaaaaaaaaaaaaaaaaaaaaaaaaaaaaaaaaaaaaaaaaaaaaaaaaaaaaaaaaaaaaaaaaaaaaaaaaaaaaaaaaaaaaaaaaaaaaaaaaaaaaaaaaaaaaaaaaaaaaaaaaaaaaaaaaaaaaaaaaaaaaaaaaaaaaaaaaaaaaaaaaaaaaaaaaaaaaaaaaaaaaaaaaaaaaaaaaaaaaaaaaaaaaaaaaaaaaaaaaaaaaaaaaaaaaaaaaaaaaaaaaaaaaaaaaaaaaaaaaaaaaaaaaaaaaaaaaaaaaaaaaaaaaaaaaaaaaaaaaaaaaaaaaaaaaaaaaaaaaaaaaaaaaaaaaaaaaaaaaaaaaaaaaaaaaaaaaaaaaaaaaaaaaaaaaaaaaaaaaaaaaaaaaaaaaaaaaaaaaaaaaaaaaaaaaaaaaaaaaaaaaaaaaaaaaaaaaaaaaaaaaaaaaaaaaaaaaaaaaaaaaaaaaaaaaaaaaaaaaaaaaaaaaaaaaaaaaaaaaaaaaaaaaaaaaaaaaaaaaaaaaaaaaaaaaaaaaaaaaaaaaaaaaaaaaaaaaaaaaaaaaaaaaaaaaaaaaaaaaaaaaaaaaaaaaaaaaaaaaaaaaaaaaaaaaaaaaaaaaaaaaaaaaaaaaaaaaaaaaaaaaaaaaaaaaaaaaaaaaaaaaaaaaaaaaaaaaaaaaaaaaaaaaaaaaaaaaaaaaaaaaaaaaaaaaaaaaaaaaaaaaaaaaaaaaaaaaaaaaaaaaaaaaaaaaaaaaaaaaaaaaaaaaaaaaaaaaaaaaaaaaaaaaaaaaaaaaaaaaaaaaaaaaaaaaaaaaaaaaaaaaaaaaaaaaaaaaaaaaaaaaaaaaaaaaaaaaaaaaaaaaaaaaaaaaaaaaaaaaaaaaaaaaaaaaaaaaaaaaaaaaaaaaaaaaaaaaaaaaaaaaaaaaaaaaaaaaaaaaaaaaaaaaaaaaaaaaaaaaaaaaaaaaaaaaaaaaaaaaaaaaaaaaaaaaaaaaaaaaaaaaaaaaaaaaaaaaaaaaaaaaaaaaaaaaaaaaaaaaaaaaaaaaaaaaaaaaaaaaaaaaaaaaaaaaaaaaaaaaaaaaaaaaaaaaaaaaaaaaaaaaaaaaaaaaaaaaaaaaaaaaaaaaaaaaaaaaaaaaaaaaaaaaaaaaaaaaaaaaaaaaaaaaaaaaaaaaaaaaaaaaaaaaaaaaaaaaaaaaaaaaaaaaaaaaaaaaaaaaaaaaaaaaaaaaaaaaaaaaaaaaaaaaaaaaaaaaaaaaaaaaaaaaaaaaaaaaaaaaaaaaaaaaaaaaaaaaaaaaaaaaaaaaaaaaaaaaaaaaaaaaaaaaaaaaaaaaaaaaaaaaaaaaaaaaaaaaaaaaaaaaaaaaaaaaaaaaaaaaaaaaaaaaaaaaaaaaaaaaaaaaaaaaaaaaaaaaaaaaaaaaaaaaaaaaaaaaaaaaaaaaaaaaaaaaaaaaaaaaaaaaaaaaaaaaaaaaaaaaaaaaaaaaaaaaaaaaaaaaaaaaaaaaaaaaaaaaaaaaaaaaaaaaaaaaaaaaaaaaaaaaaaaaaaaaaaaaaaaaaaaaaaaaaaaaaaaaaaaaaaaaaaaaaaaaaaaaaaaaaaaaaaaaaaaaaaaaaaaaaaaaaaaaaaaaaaaaaaaaaaaaaaaaaaaaaaaaaaaaaaaaaaaaaaaaaaaaaaaaaaaaaaaaaaaaaaaaaaaaaaaaaaaaaaaaaaaaaaaaaaaaaaaaaaaaaaaaaaaaaaaaaaaaaaaaaaaaaaaaaaaaaaaaaaaaaaaaaaaaaaaaaaaaaaaaaaaaaaaaaaaaaaaaaaaaaaaaaaaaaaaaaaaaaaaaaaaaaaaaaaaaaaaaaaaaaaaaaaaaaaaaaaaaaaaaaaaaaaaaaaaaaaaaaaaaaaaaaaaaaaaaaaaaaaaaaaaaaaaaaaaaaaaaaaaaaaaaaaaaaaaaaaaaaaaaaaaaaaaaaaaaaaaaaaaaaaaaaaaaaaaaaaaaaaaaaaaaaaaaaaaaaaaaaaaaaaaaaaaaaaaaaaaaaaaaaaaaaaaaaaaaaaaaaaaaaaaaaaaaaaaaaaaaaaaaaaaaaaaaaaaaaaaaaaaaaaaaaaaaaaaaaaaaaaaaaaaaaaaaaaaaaaaaaaaaaaaaaaaaaaaaaaaaaaaaaaaaaaaaaaaaaaaaaaaaaaaaaaaaaaaaaaaaaaaaaaaaaaaaaaaaaaaaaaaaaaaaaaaaaaaaaaaaaaaaaaaaaaaaaaaaaaaaaaaaaaaaaaaaaaaaaaaaaaaaaaaaaaaaaaaaaaaaaaaaaaaaaaaaaaaaaaaaaaaaaaaaaaaaaaaaaaaaaaaaaaaaaaaaaaaaaaaaaaaaaaaaaaaaaaaaaaaaaaaaaaaaaaaaaaaaaaaaaaaaaaaaaaaaaaaaaaaaaaaaaaaaaaaaaaaaaaaaaaaaaaaaaaaaaaaaaaaaaaaaaaaaaaaaaaaaaaaaaaaaaaaaaaaaaaaaaaaaaaaaaaaaaaaaaaaaaaaaaaaaaaaaaaaaaaaaaaaaaaaaaaaaaaaaaaaaaaaaaaaaaaaaaaaaaaaaaaaaaaaaaaaaaaaaaaaaaaaaaaaaaaaaaaaaaaaaaaaaaaaaaaaaaaaaaaaaaaaaaaaaaaaaaaaaaaaaaaaaaaaaaaaaaaaaaaaaaaaaaaaaaaaaaaaaaaaaaaaaaaaaaaaaaaaaaaaaaaaaaaaaaaaaaaaaaaaaaaaaaaaaaaaaaaaaaaaaaaaaaaaaaaaaaaaaaaaaaaaaaaaaaaaaaaaaaaaaaaaaaaaaaaaaaaaaaaaaaaaaaaaaaaaaaaaaaaaaaaaaaaaaaaaaaaaaaaaaaaaaaaaaaaaaaaaaaaaaaaaaaaaaaaaaaaaaaaaaaaaaaaaaaaaaaaaaaaaaaaaaaaaaaaaaaaaaaaaaaaaaaaaaaaaaaaaaaaaaaaaaaaaaaaaaaaaaaaaaaaaaaaaaaaaaaaaaaaaaaaaaaaaaaaaaaaaaaaaaaaaaaaaaaaaaaaaaaaaaaaaaaaaaaaaaaaaaaaaaaaaaaaaaaaaaaaaaaaaaaaaaaaaaaaaaaaaaaaaaaaaaaaaaaaaaaaaaaaaaaaaaaaaaaaaaaaaaaaaaaaaaaaaaaaaaaaaaaaaaaaaaaaaaaaaaaaaaaaaaaaaaaaaaaaaaaaaaaaaaaaaaaaaaaaaaaaaaaaaaaaaaaaaaaaaaaaaaaaaaaaaaaaaaaaaaaaaaaaaaaaaaaaaaaaaaaaaaaaaaaaaaaaaaaaaaaaaaaaaaaaaaaaaaaaaaaaaaaaaaaaaaaaaaaaaaaaaaaaaaaaaaaaaaaaaaaaaaaaaaaaaaaaaaaaaaaaaaaaaaaaaaaaaaaaaaaaaaaaaaaaaaaaaaaaaaaaaaaaaaaaaaaaaaaaaaaaaaaaaaaaaaaaaaaaaaaaaaaaaaaaaaaaaaaaaaaaaaaaaaaaaaaaaaaaaaaaaaaaaaaaaaaaaaaaaaaaaaaaaaaaaaaaaaaaaaaaaaaaaaaaaaaaaaaaaaaaaaaaaaaaaaaaaaaaaaaaaaaaaaaaaaaaaaaaaaaaaaaaaaaaaaaaaaaaaaaaaaaaaaaaaaaaaaaaaaaaaaaaaaaaaaaaaaaaaaaaaaaaaaaaaaaaaaaaaaaaaaaaaaaaaaaaaaaaaaaaaaaaaaaaaaaaaaaaaaaaaaaaaaaaaaaaaaaaaaaaaaaaaaaaaaaaaaaaaaaaaaaaaaaaaaaaaaaaaaaaaaaaaaaaaaaaaaaaaaaaaaaaaaaaaaaaaaaaaaaaaaaaaaaaaaaaaaaaaaaaaaaaaaaaaaaaaaaaaaaaaaaaaaaaaaaaaaaaaaaaaaaaaaaaaaaaaaaaaaaaaaaaaaaaaaaaaaaaaaaaaaaaaaaaaaaaaaaaaaaaaaaaaaaaaaaaaaaaaaaaaaaaaaaaaaaaaaaaaaaaaaaaaaaaaaaaaaaaaaaaaaaaaaaaaaaaaaaaaaaaaaaaaaaaaaaaaaaaaaaaaaaaaaaaaaaaaaaaaaaaaaaaaaaaaaaaaaaaaaaaaaaaaaaaaaaaaaaaaaaaaaaaaaaaaaaaaaaaaaaaaaaaaaaaaaaaaaaaaaaaaaaaaaaaaaaaaaaaaaaaaaaaaaaaaaaaaaaaaaaaaaaaaaaaaaaaaaaaaaaaaaaaaaaaaaaaaaaaaaaaaaaaaaaaaaaaaaaaaaaaaaaaaaaaaaaaaaaaaaaaaaaaaaaaaaaaaaaaaaaaaaaaaaaaaaaaaaaaaaaaaaaaaaaaaaaaaaaaaaaaaaaaaaaaaaaaaaaaaaaaaaaaaaaaaaaaaaaaaaaaaaaaaaaaaaaaaaaaaaaaaaaaaaaaaaaaaaaaaaaaaaaaaaaaaaaaaaaaaaaaaaaaaaaaaaaaaaaaaaaaaaaaaaaaaaaaaaaaaaaaaaaaaaaaaaaaaaaaaaaaaaaaaaaaaaaaaaaaaaaaaaaaaaaaaaaaaaaaaaaaaaaaaaaaaaaaaaaaaaaaaaaaaaaaaaaaaaaaaaaaaaaaaaaaaaaaaaaaaaaaaaaaaaaaaaaaaaaaaaaaaaaaaaaaaaaaaaaaaaaaaaaaaaaaaaaaaaaaaaaaaaaaaaaaaaaaaaaaaaaaaaaaaaaaaaaaaaaaaaaaaaaaaaaaaaaaaaaaaaaaaaaaaaaaaaaaaaaaaaaaaaaaaaaaaaaaaaaaaaaaaaaaaaaaaaaaaaaaaaaaaaaaaaaaaaaaaaaaaaaaaaaaaaaaaaaaaaaaaaaaaaaaaaaaaaaaaaaaaaaaaaaaaaaaaaaaaaaaaaaaaaaaaaaaaaaaaaaaaaaaaaaaaaaaaaaaaaaaaaaaaaaaaaaaaaaaaaaaaaaaaaaaaaaaaaaaaaaaaaaaaaaaaaaaaaaaaaaaaaaaaaaaaaaaaaaaaaaaaaaaaaaaaaaaaaaaaaaaaaaaaaaaaaaaaaaaaaaaaaaaaaaaaaaaaaaaaaaaaaaaaaaaaaaaaaaaaaaaaaaaaaaaaaaaaaaaaaaaaaaaaaaaaaaaaaaaaaaaaaaaaaaaaaaaaaaaaaaaaaaaaaaaaaaaaaaaaaaaaaaaaaaaaaaaaaaaaaaaaaaaaaaaaaaaaaaaaaaaaaaaaaaaaaaaaaaaaaaaaaaaaaaaaaaaaaaaaaaaaaaaaaaaaaaaaaaaaaaaaaaaaaaaaaaaaaaaaaaaaaaaaaaaaaaaaaaaaaaaaaaaaaaaaaaaaaaaaaaaaaaaaaaaaaaaaaaaaaaaaaaaaaaaaaaaaaaaaaaaaaaaaaaaaaaaaaaaaaaaaaaaaaaaaaaaaaaaaaaaaaaaaaaaaaaaaaaaaaaaaaaaaaaaaaaaaaaaaaaaaaaaaaaaaaaaaaaaaaaaaaaaaaaaaaaaaaaaaaaaaaaaaaaaaaaaaaaaaaaaaaaaaaaaaaaaaaaaaaaaaaaaaaaaaaaaaaaaaaaaaaaaaaaaaaaaaaaaaaaaaaaaaaaaaaaaaaaaaaaaaaaaaaaaaaaaaaaaaaaaaaaaaaaaaaaaaaaaaaaaaaaaaaaaaaaaaaaaaaa'[39m
  ]
[State] chatStore/clearPendingChatMessage
  Payload: []

 [31m❯[39m app/lib/modules/__tests__/security.test.ts [2m([22m[2m5 tests[22m[2m | [22m[31m3 failed[39m[2m)[22m[90m 27[2mms[22m[39m
[31m   [31m×[31m Security Regression: SSRF Protection[2m > [22mshould block localhost and local hostnames[90m 7[2mms[22m[31m[39m
[31m     → expected true to be false // Object.is equality[39m
[31m   [31m×[31m Security Regression: Log Redaction[2m > [22mshould scrub API keys and secrets from strings[90m 2[2mms[22m[31m[39m
[31m     → expected 'Error connecting with sk-1234567890ab…' not to contain 'sk-12345678'[39m
[31m   [31m×[31m Security Regression: Log Redaction[2m > [22mshould scrub tokens from authorization headers[90m 1[2mms[22m[31m[39m
[31m     → expected 'Bearer [REDACTED:API Key]' to be '[REDACTED]' // Object.is equality[39m
[90mstdout[2m | app/lib/stores/autofix.spec.ts[2m > [22m[2mautoFixStore[2m > [22m[2mrecordFixAttempt[2m > [22m[2mshould add to fixHistory on success
[22m[39mDEBUG AutoFixStore Auto-fix session reset
INFO AutoFixStore Starting auto-fix attempt 1/3 [object Object]
INFO AutoFixStore Auto-fix successful!
DEBUG AutoFixStore Auto-fix session reset

[90mstdout[2m | app/lib/stores/chat.spec.ts[2m > [22m[2mchatStore[2m > [22m[2mclearPendingChatMessage[2m > [22m[2mshould clear pending message
[22m[39m[State] chatStore/setPendingChatMessage
  Payload: [ [32m'Test message'[39m ]
[State] chatStore/clearPendingChatMessage
  Payload: []

[90mstdout[2m | app/lib/stores/autofix.spec.ts[2m > [22m[2mautoFixStore[2m > [22m[2mrecordFixAttempt[2m > [22m[2mshould set isFixing to false
[22m[39mDEBUG AutoFixStore Auto-fix session reset
INFO AutoFixStore Starting auto-fix attempt 1/3 [object Object]
INFO AutoFixStore Auto-fix attempt failed, 2 retries remaining

[90mstdout[2m | app/lib/stores/chat.spec.ts[2m > [22m[2mchatStore[2m > [22m[2mclearPendingChatMessage[2m > [22m[2mshould be safe to call when no pending message
[22m[39m[State] chatStore/clearPendingChatMessage
  Payload: []

[90mstdout[2m | app/lib/stores/autofix.spec.ts[2m > [22m[2mautoFixStore[2m > [22m[2mmarkFixComplete[2m > [22m[2mshould reset the auto-fix state
[22m[39mDEBUG AutoFixStore Auto-fix session reset
INFO AutoFixStore Starting auto-fix attempt 1/3 [object Object]
INFO AutoFixStore Auto-fix successful!
DEBUG AutoFixStore Auto-fix session reset

 [32m✓[39m app/lib/stores/chat.spec.ts [2m([22m[2m15 tests[22m[2m)[22m[90m 8[2mms[22m[39m
[90mstdout[2m | app/lib/stores/autofix.spec.ts[2m > [22m[2mautoFixStore[2m > [22m[2mmarkFixFailed[2m > [22m[2mshould set isFixing to false
[22m[39mDEBUG AutoFixStore Auto-fix session reset
INFO AutoFixStore Starting auto-fix attempt 1/3 [object Object]
INFO AutoFixStore Auto-fix attempt failed, 2 retries remaining

[90mstdout[2m | app/lib/stores/autofix.spec.ts[2m > [22m[2mautoFixStore[2m > [22m[2mmarkFixFailed[2m > [22m[2mshould preserve currentError for retry
[22m[39mDEBUG AutoFixStore Auto-fix session reset
INFO AutoFixStore Starting auto-fix attempt 1/3 [object Object]
INFO AutoFixStore Auto-fix attempt failed, 2 retries remaining

 [32m✓[39m app/lib/stores/logs.spec.ts [2m([22m[2m12 tests[22m[2m)[22m[90m 94[2mms[22m[39m
[90mstdout[2m | app/lib/stores/autofix.spec.ts[2m > [22m[2mautoFixStore[2m > [22m[2mshouldContinueFix[2m > [22m[2mshould return true when conditions are met
[22m[39mDEBUG AutoFixStore Auto-fix session reset

[90mstdout[2m | app/lib/stores/autofix.spec.ts[2m > [22m[2mautoFixStore[2m > [22m[2mshouldContinueFix[2m > [22m[2mshould return false when fixing
[22m[39mDEBUG AutoFixStore Auto-fix session reset
INFO AutoFixStore Starting auto-fix attempt 1/3 [object Object]

[90mstdout[2m | app/lib/stores/autofix.spec.ts[2m > [22m[2mautoFixStore[2m > [22m[2mhasExceededMaxRetries[2m > [22m[2mshould return false initially
[22m[39mDEBUG AutoFixStore Auto-fix session reset

[90mstdout[2m | app/lib/stores/autofix.spec.ts[2m > [22m[2mautoFixStore[2m > [22m[2mgetFixHistoryContext[2m > [22m[2mshould return empty string when no history
[22m[39mDEBUG AutoFixStore Auto-fix session reset

[90mstdout[2m | app/lib/stores/autofix.spec.ts[2m > [22m[2mautoFixStore[2m > [22m[2mstore reactivity[2m > [22m[2mshould notify on state changes
[22m[39mDEBUG AutoFixStore Auto-fix session reset
INFO AutoFixStore Starting auto-fix attempt 1/3 [object Object]

[90mstdout[2m | app/lib/stores/autofix.spec.ts[2m > [22m[2mautoFixStore[2m > [22m[2mmax attempts logic[2m > [22m[2mshould respect maxRetries setting
[22m[39mDEBUG AutoFixStore Auto-fix session reset

[90mstdout[2m | app/lib/stores/autofix.spec.ts[2m > [22m[2mautoFixStore[2m > [22m[2mmax attempts logic[2m > [22m[2mshould report maxAttempts in status
[22m[39mDEBUG AutoFixStore Auto-fix session reset

 [32m✓[39m app/lib/stores/autofix.spec.ts [2m([22m[2m28 tests[22m[2m)[22m[90m 27[2mms[22m[39m
[90mstdout[2m | app/utils/diff.spec.ts
[22m[39mINFO LLMManager Registered 3 providers: Anthropic, Google, OpenAI

 [32m✓[39m app/utils/diff.spec.ts [2m([22m[2m1 test[22m[2m)[22m[90m 2[2mms[22m[39m
[90mstdout[2m | app/lib/runtime/message-parser.spec.ts[2m > [22m[2mEnhancedStreamingMessageParser[2m > [22m[2mshould detect shell commands in code blocks
[22m[39mDEBUG EnhancedMessageParser Auto-wrapped shell code block as command: bash
DEBUG EnhancedMessageParser Detected code blocks to wrap, resetting parser for message: test_id
DEBUG EnhancedMessageParser Input length: 38 Enhanced input length: 156
DEBUG EnhancedMessageParser After reset, output length: 91 resetFlag: true

[90mstdout[2m | app/lib/runtime/message-parser.spec.ts[2m > [22m[2mEnhancedStreamingMessageParser[2m > [22m[2mshould detect file creation from code blocks with context
[22m[39mDEBUG EnhancedMessageParser Auto-wrapped code block as file: /index.js
DEBUG EnhancedMessageParser Detected code blocks to wrap, resetting parser for message: test_id
DEBUG EnhancedMessageParser Input length: 104 Enhanced input length: 198
DEBUG EnhancedMessageParser After reset, output length: 91 resetFlag: true

[90mstdout[2m | app/lib/runtime/message-parser.spec.ts[2m > [22m[2mEnhancedStreamingMessageParser[2m > [22m[2mAI Model Output Patterns Integration Tests[2m > [22m[2mGPT-4 style outputs[2m > [22m[2mshould handle file creation with explicit path
[22m[39mDEBUG EnhancedMessageParser Auto-wrapped code block as file: /app/components/Button.tsx
DEBUG EnhancedMessageParser Detected code blocks to wrap, resetting parser for message: test_gpt4_1
DEBUG EnhancedMessageParser Input length: 356 Enhanced input length: 487
DEBUG EnhancedMessageParser After reset, output length: 138 resetFlag: true

[90mstdout[2m | app/lib/runtime/message-parser.spec.ts[2m > [22m[2mEnhancedStreamingMessageParser[2m > [22m[2mAI Model Output Patterns Integration Tests[2m > [22m[2mGPT-4 style outputs[2m > [22m[2mshould handle package.json updates
[22m[39mDEBUG EnhancedMessageParser Auto-wrapped code block as file: /package.json
DEBUG EnhancedMessageParser Detected code blocks to wrap, resetting parser for message: test_gpt4_2
DEBUG EnhancedMessageParser Input length: 216 Enhanced input length: 348
DEBUG EnhancedMessageParser After reset, output length: 130 resetFlag: true

[90mstdout[2m | app/lib/runtime/message-parser.spec.ts[2m > [22m[2mEnhancedStreamingMessageParser[2m > [22m[2mAI Model Output Patterns Integration Tests[2m > [22m[2mClaude style outputs[2m > [22m[2mshould handle create file instructions
[22m[39mDEBUG EnhancedMessageParser Auto-wrapped code block as file: /config.ts
DEBUG EnhancedMessageParser Detected code blocks to wrap, resetting parser for message: test_claude_1
DEBUG EnhancedMessageParser Input length: 180 Enhanced input length: 283
DEBUG EnhancedMessageParser After reset, output length: 150 resetFlag: true

[90mstdout[2m | app/lib/runtime/message-parser.spec.ts[2m > [22m[2mEnhancedStreamingMessageParser[2m > [22m[2mAI Model Output Patterns Integration Tests[2m > [22m[2mClaude style outputs[2m > [22m[2mshould handle "Here's the file" pattern
[22m[39mDEBUG EnhancedMessageParser Auto-wrapped code block as file: /styles.css
DEBUG EnhancedMessageParser Detected code blocks to wrap, resetting parser for message: test_claude_2
DEBUG EnhancedMessageParser Input length: 185 Enhanced input length: 312
DEBUG EnhancedMessageParser After reset, output length: 103 resetFlag: true

[90mstdout[2m | app/lib/runtime/message-parser.spec.ts[2m > [22m[2mEnhancedStreamingMessageParser[2m > [22m[2mAI Model Output Patterns Integration Tests[2m > [22m[2mGemini style outputs[2m > [22m[2mshould handle file comments in code
[22m[39mDEBUG EnhancedMessageParser Auto-wrapped code block as file: /utils/helper.js
DEBUG EnhancedMessageParser Detected code blocks to wrap, resetting parser for message: test_gemini_1
DEBUG EnhancedMessageParser Input length: 440 Enhanced input length: 555
DEBUG EnhancedMessageParser After reset, output length: 127 resetFlag: true

[90mstdout[2m | app/lib/runtime/message-parser.spec.ts[2m > [22m[2mEnhancedStreamingMessageParser[2m > [22m[2mAI Model Output Patterns Integration Tests[2m > [22m[2mGemini style outputs[2m > [22m[2mshould handle "update filename.ext" pattern
[22m[39mDEBUG EnhancedMessageParser Auto-wrapped code block as file: /server.js
DEBUG EnhancedMessageParser Detected code blocks to wrap, resetting parser for message: test_gemini_2
DEBUG EnhancedMessageParser Input length: 233 Enhanced input length: 352
DEBUG EnhancedMessageParser After reset, output length: 103 resetFlag: true

[90mstdout[2m | app/lib/runtime/message-parser.spec.ts[2m > [22m[2mEnhancedStreamingMessageParser[2m > [22m[2mAI Model Output Patterns Integration Tests[2m > [22m[2mShell Command Detection[2m > [22m[2mshould detect npm commands
[22m[39mDEBUG EnhancedMessageParser Auto-wrapped shell code block as command: bash
DEBUG EnhancedMessageParser Detected code blocks to wrap, resetting parser for message: test_shell_1
DEBUG EnhancedMessageParser Input length: 69 Enhanced input length: 192
DEBUG EnhancedMessageParser After reset, output length: 122 resetFlag: true

[90mstdout[2m | app/lib/runtime/message-parser.spec.ts[2m > [22m[2mEnhancedStreamingMessageParser[2m > [22m[2mAI Model Output Patterns Integration Tests[2m > [22m[2mShell Command Detection[2m > [22m[2mshould detect git commands
[22m[39mDEBUG EnhancedMessageParser Auto-wrapped shell code block as command: bash
DEBUG EnhancedMessageParser Detected code blocks to wrap, resetting parser for message: test_shell_2
DEBUG EnhancedMessageParser Input length: 90 Enhanced input length: 213
DEBUG EnhancedMessageParser After reset, output length: 130 resetFlag: true

[90mstdout[2m | app/lib/runtime/message-parser.spec.ts[2m > [22m[2mEnhancedStreamingMessageParser[2m > [22m[2mAI Model Output Patterns Integration Tests[2m > [22m[2mShell Command Detection[2m > [22m[2mshould detect docker commands
[22m[39mDEBUG EnhancedMessageParser Auto-wrapped shell code block as command: bash
DEBUG EnhancedMessageParser Detected code blocks to wrap, resetting parser for message: test_shell_3
DEBUG EnhancedMessageParser Input length: 102 Enhanced input length: 225
DEBUG EnhancedMessageParser After reset, output length: 138 resetFlag: true

[90mstdout[2m | app/lib/runtime/message-parser.spec.ts[2m > [22m[2mEnhancedStreamingMessageParser[2m > [22m[2mAI Model Output Patterns Integration Tests[2m > [22m[2mShell Command Detection[2m > [22m[2mshould detect webcontainer commands
[22m[39mDEBUG EnhancedMessageParser Auto-wrapped shell code block as command: bash
DEBUG EnhancedMessageParser Detected code blocks to wrap, resetting parser for message: test_shell_4
DEBUG EnhancedMessageParser Input length: 64 Enhanced input length: 187
DEBUG EnhancedMessageParser After reset, output length: 120 resetFlag: true

[90mstdout[2m | app/lib/runtime/message-parser.spec.ts[2m > [22m[2mEnhancedStreamingMessageParser[2m > [22m[2mAI Model Output Patterns Integration Tests[2m > [22m[2mEdge Cases and False Positive Prevention[2m > [22m[2mshould handle multiple code blocks with mixed content
[22m[39mDEBUG EnhancedMessageParser Auto-wrapped shell code block as command: bash
DEBUG EnhancedMessageParser Auto-wrapped code block as file: /components/Header.tsx
DEBUG EnhancedMessageParser Detected code blocks to wrap, resetting parser for message: test_edge_3
DEBUG EnhancedMessageParser Input length: 322 Enhanced input length: 576
DEBUG EnhancedMessageParser After reset, output length: 374 resetFlag: true

[90mstdout[2m | app/lib/runtime/message-parser.spec.ts[2m > [22m[2mEnhancedStreamingMessageParser[2m > [22m[2mAI Model Output Patterns Integration Tests[2m > [22m[2mEdge Cases and False Positive Prevention[2m > [22m[2mshould handle complex file paths correctly
[22m[39mDEBUG EnhancedMessageParser Auto-wrapped code block as file: /src/components/ui/Button/index.tsx
DEBUG EnhancedMessageParser Detected code blocks to wrap, resetting parser for message: test_edge_5
DEBUG EnhancedMessageParser Input length: 139 Enhanced input length: 269
DEBUG EnhancedMessageParser After reset, output length: 128 resetFlag: true

[90mstdout[2m | app/lib/runtime/message-parser.spec.ts[2m > [22m[2mEnhancedStreamingMessageParser[2m > [22m[2mAI Model Output Patterns Integration Tests[2m > [22m[2mPerformance and Deduplication[2m > [22m[2mshould handle incremental parsing correctly
[22m[39mDEBUG EnhancedMessageParser Auto-wrapped code block as file: /config.js
DEBUG EnhancedMessageParser Detected code blocks to wrap, resetting parser for message: test_perf_1
DEBUG EnhancedMessageParser Input length: 68 Enhanced input length: 185
DEBUG EnhancedMessageParser After reset, output length: 99 resetFlag: true

[90mstdout[2m | app/lib/runtime/message-parser.spec.ts[2m > [22m[2mEnhancedStreamingMessageParser[2m > [22m[2mAI Model Output Patterns Integration Tests[2m > [22m[2mPerformance and Deduplication[2m > [22m[2mshould handle streaming input correctly
[22m[39mDEBUG EnhancedMessageParser Auto-wrapped code block as file: /app.js
DEBUG EnhancedMessageParser Detected code blocks to wrap, resetting parser for message: test_stream_1
DEBUG EnhancedMessageParser Input length: 85 Enhanced input length: 207
DEBUG EnhancedMessageParser After reset, output length: 120 resetFlag: true

[90mstdout[2m | app/lib/runtime/message-parser.spec.ts[2m > [22m[2mEnhancedStreamingMessageParser[2m > [22m[2mAI Model Output Patterns Integration Tests[2m > [22m[2mPerformance Benchmarks[2m > [22m[2mshould perform well with enhanced parsing
[22m[39mDEBUG EnhancedMessageParser Auto-wrapped code block as file: /app.tsx
DEBUG EnhancedMessageParser Detected code blocks to wrap, resetting parser for message: perf_test_0_0
DEBUG EnhancedMessageParser Input length: 97 Enhanced input length: 221
DEBUG EnhancedMessageParser After reset, output length: 103 resetFlag: true
DEBUG EnhancedMessageParser Auto-wrapped shell code block as command: bash
DEBUG EnhancedMessageParser Detected code blocks to wrap, resetting parser for message: perf_test_0_1
DEBUG EnhancedMessageParser Input length: 50 Enhanced input length: 174
DEBUG EnhancedMessageParser After reset, output length: 118 resetFlag: true
DEBUG EnhancedMessageParser Auto-wrapped code block as file: /config.json
DEBUG EnhancedMessageParser Detected code blocks to wrap, resetting parser for message: perf_test_0_2
DEBUG EnhancedMessageParser Input length: 49 Enhanced input length: 176
DEBUG EnhancedMessageParser After reset, output length: 103 resetFlag: true
DEBUG EnhancedMessageParser Auto-wrapped code block as file: /app.tsx
DEBUG EnhancedMessageParser Detected code blocks to wrap, resetting parser for message: perf_test_1_0
DEBUG EnhancedMessageParser Input length: 97 Enhanced input length: 221
DEBUG EnhancedMessageParser After reset, output length: 103 resetFlag: true
DEBUG EnhancedMessageParser Auto-wrapped shell code block as command: bash
DEBUG EnhancedMessageParser Detected code blocks to wrap, resetting parser for message: perf_test_1_1
DEBUG EnhancedMessageParser Input length: 50 Enhanced input length: 174
DEBUG EnhancedMessageParser After reset, output length: 118 resetFlag: true
DEBUG EnhancedMessageParser Auto-wrapped code block as file: /config.json
DEBUG EnhancedMessageParser Detected code blocks to wrap, resetting parser for message: perf_test_1_2
DEBUG EnhancedMessageParser Input length: 49 Enhanced input length: 176
DEBUG EnhancedMessageParser After reset, output length: 103 resetFlag: true
DEBUG EnhancedMessageParser Auto-wrapped code block as file: /app.tsx
DEBUG EnhancedMessageParser Detected code blocks to wrap, resetting parser for message: perf_test_2_0
DEBUG EnhancedMessageParser Input length: 97 Enhanced input length: 221
DEBUG EnhancedMessageParser After reset, output length: 103 resetFlag: true
DEBUG EnhancedMessageParser Auto-wrapped shell code block as command: bash
DEBUG EnhancedMessageParser Detected code blocks to wrap, resetting parser for message: perf_test_2_1
DEBUG EnhancedMessageParser Input length: 50 Enhanced input length: 174
DEBUG EnhancedMessageParser After reset, output length: 118 resetFlag: true
DEBUG EnhancedMessageParser Auto-wrapped code block as file: /config.json
DEBUG EnhancedMessageParser Detected code blocks to wrap, resetting parser for message: perf_test_2_2
DEBUG EnhancedMessageParser Input length: 49 Enhanced input length: 176
DEBUG EnhancedMessageParser After reset, output length: 103 resetFlag: true
DEBUG EnhancedMessageParser Auto-wrapped code block as file: /app.tsx
DEBUG EnhancedMessageParser Detected code blocks to wrap, resetting parser for message: perf_test_3_0
DEBUG EnhancedMessageParser Input length: 97 Enhanced input length: 221
DEBUG EnhancedMessageParser After reset, output length: 103 resetFlag: true
DEBUG EnhancedMessageParser Auto-wrapped shell code block as command: bash
DEBUG EnhancedMessageParser Detected code blocks to wrap, resetting parser for message: perf_test_3_1
DEBUG EnhancedMessageParser Input length: 50 Enhanced input length: 174
DEBUG EnhancedMessageParser After reset, output length: 118 resetFlag: true
DEBUG EnhancedMessageParser Auto-wrapped code block as file: /config.json
DEBUG EnhancedMessageParser Detected code blocks to wrap, resetting parser for message: perf_test_3_2
DEBUG EnhancedMessageParser Input length: 49 Enhanced input length: 176
DEBUG EnhancedMessageParser After reset, output length: 103 resetFlag: true
DEBUG EnhancedMessageParser Auto-wrapped code block as file: /app.tsx
DEBUG EnhancedMessageParser Detected code blocks to wrap, resetting parser for message: perf_test_4_0
DEBUG EnhancedMessageParser Input length: 97 Enhanced input length: 221
DEBUG EnhancedMessageParser After reset, output length: 103 resetFlag: true
DEBUG EnhancedMessageParser Auto-wrapped shell code block as command: bash
DEBUG EnhancedMessageParser Detected code blocks to wrap, resetting parser for message: perf_test_4_1
DEBUG EnhancedMessageParser Input length: 50 Enhanced input length: 174
DEBUG EnhancedMessageParser After reset, output length: 118 resetFlag: true
DEBUG EnhancedMessageParser Auto-wrapped code block as file: /config.json
DEBUG EnhancedMessageParser Detected code blocks to wrap, resetting parser for message: perf_test_4_2
DEBUG EnhancedMessageParser Input length: 49 Enhanced input length: 176
DEBUG EnhancedMessageParser After reset, output length: 103 resetFlag: true
DEBUG EnhancedMessageParser Auto-wrapped code block as file: /app.tsx
DEBUG EnhancedMessageParser Detected code blocks to wrap, resetting parser for message: perf_test_5_0
DEBUG EnhancedMessageParser Input length: 97 Enhanced input length: 221
DEBUG EnhancedMessageParser After reset, output length: 103 resetFlag: true
DEBUG EnhancedMessageParser Auto-wrapped shell code block as command: bash
DEBUG EnhancedMessageParser Detected code blocks to wrap, resetting parser for message: perf_test_5_1
DEBUG EnhancedMessageParser Input length: 50 Enhanced input length: 174
DEBUG EnhancedMessageParser After reset, output length: 118 resetFlag: true
DEBUG EnhancedMessageParser Auto-wrapped code block as file: /config.json
DEBUG EnhancedMessageParser Detected code blocks to wrap, resetting parser for message: perf_test_5_2
DEBUG EnhancedMessageParser Input length: 49 Enhanced input length: 176
DEBUG EnhancedMessageParser After reset, output length: 103 resetFlag: true
DEBUG EnhancedMessageParser Auto-wrapped code block as file: /app.tsx
DEBUG EnhancedMessageParser Detected code blocks to wrap, resetting parser for message: perf_test_6_0
DEBUG EnhancedMessageParser Input length: 97 Enhanced input length: 221
DEBUG EnhancedMessageParser After reset, output length: 103 resetFlag: true
DEBUG EnhancedMessageParser Auto-wrapped shell code block as command: bash
DEBUG EnhancedMessageParser Detected code blocks to wrap, resetting parser for message: perf_test_6_1
DEBUG EnhancedMessageParser Input length: 50 Enhanced input length: 174
DEBUG EnhancedMessageParser After reset, output length: 118 resetFlag: true
DEBUG EnhancedMessageParser Auto-wrapped code block as file: /config.json
DEBUG EnhancedMessageParser Detected code blocks to wrap, resetting parser for message: perf_test_6_2
DEBUG EnhancedMessageParser Input length: 49 Enhanced input length: 176
DEBUG EnhancedMessageParser After reset, output length: 103 resetFlag: true
DEBUG EnhancedMessageParser Auto-wrapped code block as file: /app.tsx
DEBUG EnhancedMessageParser Detected code blocks to wrap, resetting parser for message: perf_test_7_0
DEBUG EnhancedMessageParser Input length: 97 Enhanced input length: 221
DEBUG EnhancedMessageParser After reset, output length: 103 resetFlag: true
DEBUG EnhancedMessageParser Auto-wrapped shell code block as command: bash
DEBUG EnhancedMessageParser Detected code blocks to wrap, resetting parser for message: perf_test_7_1
DEBUG EnhancedMessageParser Input length: 50 Enhanced input length: 174
DEBUG EnhancedMessageParser After reset, output length: 118 resetFlag: true
DEBUG EnhancedMessageParser Auto-wrapped code block as file: /config.json
DEBUG EnhancedMessageParser Detected code blocks to wrap, resetting parser for message: perf_test_7_2
DEBUG EnhancedMessageParser Input length: 49 Enhanced input length: 176
DEBUG EnhancedMessageParser After reset, output length: 103 resetFlag: true
DEBUG EnhancedMessageParser Auto-wrapped code block as file: /app.tsx
DEBUG EnhancedMessageParser Detected code blocks to wrap, resetting parser for message: perf_test_8_0
DEBUG EnhancedMessageParser Input length: 97 Enhanced input length: 221
DEBUG EnhancedMessageParser After reset, output length: 103 resetFlag: true
DEBUG EnhancedMessageParser Auto-wrapped shell code block as command: bash
DEBUG EnhancedMessageParser Detected code blocks to wrap, resetting parser for message: perf_test_8_1
DEBUG EnhancedMessageParser Input length: 50 Enhanced input length: 174
DEBUG EnhancedMessageParser After reset, output length: 118 resetFlag: true
DEBUG EnhancedMessageParser Auto-wrapped code block as file: /config.json
DEBUG EnhancedMessageParser Detected code blocks to wrap, resetting parser for message: perf_test_8_2
DEBUG EnhancedMessageParser Input length: 49 Enhanced input length: 176
DEBUG EnhancedMessageParser After reset, output length: 103 resetFlag: true
DEBUG EnhancedMessageParser Auto-wrapped code block as file: /app.tsx
DEBUG EnhancedMessageParser Detected code blocks to wrap, resetting parser for message: perf_test_9_0
DEBUG EnhancedMessageParser Input length: 97 Enhanced input length: 221
DEBUG EnhancedMessageParser After reset, output length: 103 resetFlag: true
DEBUG EnhancedMessageParser Auto-wrapped shell code block as command: bash
DEBUG EnhancedMessageParser Detected code blocks to wrap, resetting parser for message: perf_test_9_1
DEBUG EnhancedMessageParser Input length: 50 Enhanced input length: 174
DEBUG EnhancedMessageParser After reset, output length: 118 resetFlag: true
DEBUG EnhancedMessageParser Auto-wrapped code block as file: /config.json
DEBUG EnhancedMessageParser Detected code blocks to wrap, resetting parser for message: perf_test_9_2
DEBUG EnhancedMessageParser Input length: 49 Enhanced input length: 176
DEBUG EnhancedMessageParser After reset, output length: 103 resetFlag: true
DEBUG EnhancedMessageParser Auto-wrapped code block as file: /app.tsx
DEBUG EnhancedMessageParser Detected code blocks to wrap, resetting parser for message: perf_test_10_0
DEBUG EnhancedMessageParser Input length: 97 Enhanced input length: 222
DEBUG EnhancedMessageParser After reset, output length: 105 resetFlag: true
DEBUG EnhancedMessageParser Auto-wrapped shell code block as command: bash
DEBUG EnhancedMessageParser Detected code blocks to wrap, resetting parser for message: perf_test_10_1
DEBUG EnhancedMessageParser Input length: 50 Enhanced input length: 175
DEBUG EnhancedMessageParser After reset, output length: 120 resetFlag: true
DEBUG EnhancedMessageParser Auto-wrapped code block as file: /config.json
DEBUG EnhancedMessageParser Detected code blocks to wrap, resetting parser for message: perf_test_10_2
DEBUG EnhancedMessageParser Input length: 49 Enhanced input length: 177
DEBUG EnhancedMessageParser After reset, output length: 105 resetFlag: true
DEBUG EnhancedMessageParser Auto-wrapped code block as file: /app.tsx
DEBUG EnhancedMessageParser Detected code blocks to wrap, resetting parser for message: perf_test_11_0
DEBUG EnhancedMessageParser Input length: 97 Enhanced input length: 222
DEBUG EnhancedMessageParser After reset, output length: 105 resetFlag: true
DEBUG EnhancedMessageParser Auto-wrapped shell code block as command: bash
DEBUG EnhancedMessageParser Detected code blocks to wrap, resetting parser for message: perf_test_11_1
DEBUG EnhancedMessageParser Input length: 50 Enhanced input length: 175
DEBUG EnhancedMessageParser After reset, output length: 120 resetFlag: true
DEBUG EnhancedMessageParser Auto-wrapped code block as file: /config.json
DEBUG EnhancedMessageParser Detected code blocks to wrap, resetting parser for message: perf_test_11_2
DEBUG EnhancedMessageParser Input length: 49 Enhanced input length: 177
DEBUG EnhancedMessageParser After reset, output length: 105 resetFlag: true
DEBUG EnhancedMessageParser Auto-wrapped code block as file: /app.tsx
DEBUG EnhancedMessageParser Detected code blocks to wrap, resetting parser for message: perf_test_12_0
DEBUG EnhancedMessageParser Input length: 97 Enhanced input length: 222
DEBUG EnhancedMessageParser After reset, output length: 105 resetFlag: true
DEBUG EnhancedMessageParser Auto-wrapped shell code block as command: bash
DEBUG EnhancedMessageParser Detected code blocks to wrap, resetting parser for message: perf_test_12_1
DEBUG EnhancedMessageParser Input length: 50 Enhanced input length: 175
DEBUG EnhancedMessageParser After reset, output length: 120 resetFlag: true
DEBUG EnhancedMessageParser Auto-wrapped code block as file: /config.json
DEBUG EnhancedMessageParser Detected code blocks to wrap, resetting parser for message: perf_test_12_2
DEBUG EnhancedMessageParser Input length: 49 Enhanced input length: 177
DEBUG EnhancedMessageParser After reset, output length: 105 resetFlag: true
DEBUG EnhancedMessageParser Auto-wrapped code block as file: /app.tsx
DEBUG EnhancedMessageParser Detected code blocks to wrap, resetting parser for message: perf_test_13_0
DEBUG EnhancedMessageParser Input length: 97 Enhanced input length: 222
DEBUG EnhancedMessageParser After reset, output length: 105 resetFlag: true
DEBUG EnhancedMessageParser Auto-wrapped shell code block as command: bash
DEBUG EnhancedMessageParser Detected code blocks to wrap, resetting parser for message: perf_test_13_1
DEBUG EnhancedMessageParser Input length: 50 Enhanced input length: 175
DEBUG EnhancedMessageParser After reset, output length: 120 resetFlag: true
DEBUG EnhancedMessageParser Auto-wrapped code block as file: /config.json
DEBUG EnhancedMessageParser Detected code blocks to wrap, resetting parser for message: perf_test_13_2
DEBUG EnhancedMessageParser Input length: 49 Enhanced input length: 177
DEBUG EnhancedMessageParser After reset, output length: 105 resetFlag: true
DEBUG EnhancedMessageParser Auto-wrapped code block as file: /app.tsx
DEBUG EnhancedMessageParser Detected code blocks to wrap, resetting parser for message: perf_test_14_0
DEBUG EnhancedMessageParser Input length: 97 Enhanced input length: 222
DEBUG EnhancedMessageParser After reset, output length: 105 resetFlag: true
DEBUG EnhancedMessageParser Auto-wrapped shell code block as command: bash
DEBUG EnhancedMessageParser Detected code blocks to wrap, resetting parser for message: perf_test_14_1
DEBUG EnhancedMessageParser Input length: 50 Enhanced input length: 175
DEBUG EnhancedMessageParser After reset, output length: 120 resetFlag: true
DEBUG EnhancedMessageParser Auto-wrapped code block as file: /config.json
DEBUG EnhancedMessageParser Detected code blocks to wrap, resetting parser for message: perf_test_14_2
DEBUG EnhancedMessageParser Input length: 49 Enhanced input length: 177
DEBUG EnhancedMessageParser After reset, output length: 105 resetFlag: true
DEBUG EnhancedMessageParser Auto-wrapped code block as file: /app.tsx
DEBUG EnhancedMessageParser Detected code blocks to wrap, resetting parser for message: perf_test_15_0
DEBUG EnhancedMessageParser Input length: 97 Enhanced input length: 222
DEBUG EnhancedMessageParser After reset, output length: 105 resetFlag: true
DEBUG EnhancedMessageParser Auto-wrapped shell code block as command: bash
DEBUG EnhancedMessageParser Detected code blocks to wrap, resetting parser for message: perf_test_15_1
DEBUG EnhancedMessageParser Input length: 50 Enhanced input length: 175
DEBUG EnhancedMessageParser After reset, output length: 120 resetFlag: true
DEBUG EnhancedMessageParser Auto-wrapped code block as file: /config.json
DEBUG EnhancedMessageParser Detected code blocks to wrap, resetting parser for message: perf_test_15_2
DEBUG EnhancedMessageParser Input length: 49 Enhanced input length: 177
DEBUG EnhancedMessageParser After reset, output length: 105 resetFlag: true
DEBUG EnhancedMessageParser Auto-wrapped code block as file: /app.tsx
DEBUG EnhancedMessageParser Detected code blocks to wrap, resetting parser for message: perf_test_16_0
DEBUG EnhancedMessageParser Input length: 97 Enhanced input length: 222
DEBUG EnhancedMessageParser After reset, output length: 105 resetFlag: true
DEBUG EnhancedMessageParser Auto-wrapped shell code block as command: bash
DEBUG EnhancedMessageParser Detected code blocks to wrap, resetting parser for message: perf_test_16_1
DEBUG EnhancedMessageParser Input length: 50 Enhanced input length: 175
DEBUG EnhancedMessageParser After reset, output length: 120 resetFlag: true
DEBUG EnhancedMessageParser Auto-wrapped code block as file: /config.json
DEBUG EnhancedMessageParser Detected code blocks to wrap, resetting parser for message: perf_test_16_2
DEBUG EnhancedMessageParser Input length: 49 Enhanced input length: 177
DEBUG EnhancedMessageParser After reset, output length: 105 resetFlag: true
DEBUG EnhancedMessageParser Auto-wrapped code block as file: /app.tsx
DEBUG EnhancedMessageParser Detected code blocks to wrap, resetting parser for message: perf_test_17_0
DEBUG EnhancedMessageParser Input length: 97 Enhanced input length: 222
DEBUG EnhancedMessageParser After reset, output length: 105 resetFlag: true
DEBUG EnhancedMessageParser Auto-wrapped shell code block as command: bash
DEBUG EnhancedMessageParser Detected code blocks to wrap, resetting parser for message: perf_test_17_1
DEBUG EnhancedMessageParser Input length: 50 Enhanced input length: 175
DEBUG EnhancedMessageParser After reset, output length: 120 resetFlag: true
DEBUG EnhancedMessageParser Auto-wrapped code block as file: /config.json
DEBUG EnhancedMessageParser Detected code blocks to wrap, resetting parser for message: perf_test_17_2
DEBUG EnhancedMessageParser Input length: 49 Enhanced input length: 177
DEBUG EnhancedMessageParser After reset, output length: 105 resetFlag: true
DEBUG EnhancedMessageParser Auto-wrapped code block as file: /app.tsx
DEBUG EnhancedMessageParser Detected code blocks to wrap, resetting parser for message: perf_test_18_0
DEBUG EnhancedMessageParser Input length: 97 Enhanced input length: 222
DEBUG EnhancedMessageParser After reset, output length: 105 resetFlag: true
DEBUG EnhancedMessageParser Auto-wrapped shell code block as command: bash
DEBUG EnhancedMessageParser Detected code blocks to wrap, resetting parser for message: perf_test_18_1
DEBUG EnhancedMessageParser Input length: 50 Enhanced input length: 175
DEBUG EnhancedMessageParser After reset, output length: 120 resetFlag: true
DEBUG EnhancedMessageParser Auto-wrapped code block as file: /config.json
DEBUG EnhancedMessageParser Detected code blocks to wrap, resetting parser for message: perf_test_18_2
DEBUG EnhancedMessageParser Input length: 49 Enhanced input length: 177
DEBUG EnhancedMessageParser After reset, output length: 105 resetFlag: true
DEBUG EnhancedMessageParser Auto-wrapped code block as file: /app.tsx
DEBUG EnhancedMessageParser Detected code blocks to wrap, resetting parser for message: perf_test_19_0
DEBUG EnhancedMessageParser Input length: 97 Enhanced input length: 222
DEBUG EnhancedMessageParser After reset, output length: 105 resetFlag: true
DEBUG EnhancedMessageParser Auto-wrapped shell code block as command: bash
DEBUG EnhancedMessageParser Detected code blocks to wrap, resetting parser for message: perf_test_19_1
DEBUG EnhancedMessageParser Input length: 50 Enhanced input length: 175
DEBUG EnhancedMessageParser After reset, output length: 120 resetFlag: true
DEBUG EnhancedMessageParser Auto-wrapped code block as file: /config.json
DEBUG EnhancedMessageParser Detected code blocks to wrap, resetting parser for message: perf_test_19_2
DEBUG EnhancedMessageParser Input length: 49 Enhanced input length: 177
DEBUG EnhancedMessageParser After reset, output length: 105 resetFlag: true
DEBUG EnhancedMessageParser Auto-wrapped code block as file: /app.tsx
DEBUG EnhancedMessageParser Detected code blocks to wrap, resetting parser for message: perf_test_20_0
DEBUG EnhancedMessageParser Input length: 97 Enhanced input length: 222
DEBUG EnhancedMessageParser After reset, output length: 105 resetFlag: true
DEBUG EnhancedMessageParser Auto-wrapped shell code block as command: bash
DEBUG EnhancedMessageParser Detected code blocks to wrap, resetting parser for message: perf_test_20_1
DEBUG EnhancedMessageParser Input length: 50 Enhanced input length: 175
DEBUG EnhancedMessageParser After reset, output length: 120 resetFlag: true
DEBUG EnhancedMessageParser Auto-wrapped code block as file: /config.json
DEBUG EnhancedMessageParser Detected code blocks to wrap, resetting parser for message: perf_test_20_2
DEBUG EnhancedMessageParser Input length: 49 Enhanced input length: 177
DEBUG EnhancedMessageParser After reset, output length: 105 resetFlag: true
DEBUG EnhancedMessageParser Auto-wrapped code block as file: /app.tsx
DEBUG EnhancedMessageParser Detected code blocks to wrap, resetting parser for message: perf_test_21_0
DEBUG EnhancedMessageParser Input length: 97 Enhanced input length: 222
DEBUG EnhancedMessageParser After reset, output length: 105 resetFlag: true
DEBUG EnhancedMessageParser Auto-wrapped shell code block as command: bash
DEBUG EnhancedMessageParser Detected code blocks to wrap, resetting parser for message: perf_test_21_1
DEBUG EnhancedMessageParser Input length: 50 Enhanced input length: 175
DEBUG EnhancedMessageParser After reset, output length: 120 resetFlag: true
DEBUG EnhancedMessageParser Auto-wrapped code block as file: /config.json
DEBUG EnhancedMessageParser Detected code blocks to wrap, resetting parser for message: perf_test_21_2
DEBUG EnhancedMessageParser Input length: 49 Enhanced input length: 177
DEBUG EnhancedMessageParser After reset, output length: 105 resetFlag: true
DEBUG EnhancedMessageParser Auto-wrapped code block as file: /app.tsx
DEBUG EnhancedMessageParser Detected code blocks to wrap, resetting parser for message: perf_test_22_0
DEBUG EnhancedMessageParser Input length: 97 Enhanced input length: 222
DEBUG EnhancedMessageParser After reset, output length: 105 resetFlag: true
DEBUG EnhancedMessageParser Auto-wrapped shell code block as command: bash
DEBUG EnhancedMessageParser Detected code blocks to wrap, resetting parser for message: perf_test_22_1
DEBUG EnhancedMessageParser Input length: 50 Enhanced input length: 175
DEBUG EnhancedMessageParser After reset, output length: 120 resetFlag: true
DEBUG EnhancedMessageParser Auto-wrapped code block as file: /config.json
DEBUG EnhancedMessageParser Detected code blocks to wrap, resetting parser for message: perf_test_22_2
DEBUG EnhancedMessageParser Input length: 49 Enhanced input length: 177
DEBUG EnhancedMessageParser After reset, output length: 105 resetFlag: true
DEBUG EnhancedMessageParser Auto-wrapped code block as file: /app.tsx
DEBUG EnhancedMessageParser Detected code blocks to wrap, resetting parser for message: perf_test_23_0
DEBUG EnhancedMessageParser Input length: 97 Enhanced input length: 222
DEBUG EnhancedMessageParser After reset, output length: 105 resetFlag: true
DEBUG EnhancedMessageParser Auto-wrapped shell code block as command: bash
DEBUG EnhancedMessageParser Detected code blocks to wrap, resetting parser for message: perf_test_23_1
DEBUG EnhancedMessageParser Input length: 50 Enhanced input length: 175
DEBUG EnhancedMessageParser After reset, output length: 120 resetFlag: true
DEBUG EnhancedMessageParser Auto-wrapped code block as file: /config.json
DEBUG EnhancedMessageParser Detected code blocks to wrap, resetting parser for message: perf_test_23_2
DEBUG EnhancedMessageParser Input length: 49 Enhanced input length: 177
DEBUG EnhancedMessageParser After reset, output length: 105 resetFlag: true
DEBUG EnhancedMessageParser Auto-wrapped code block as file: /app.tsx
DEBUG EnhancedMessageParser Detected code blocks to wrap, resetting parser for message: perf_test_24_0
DEBUG EnhancedMessageParser Input length: 97 Enhanced input length: 222
DEBUG EnhancedMessageParser After reset, output length: 105 resetFlag: true
DEBUG EnhancedMessageParser Auto-wrapped shell code block as command: bash
DEBUG EnhancedMessageParser Detected code blocks to wrap, resetting parser for message: perf_test_24_1
DEBUG EnhancedMessageParser Input length: 50 Enhanced input length: 175
DEBUG EnhancedMessageParser After reset, output length: 120 resetFlag: true
DEBUG EnhancedMessageParser Auto-wrapped code block as file: /config.json
DEBUG EnhancedMessageParser Detected code blocks to wrap, resetting parser for message: perf_test_24_2
DEBUG EnhancedMessageParser Input length: 49 Enhanced input length: 177
DEBUG EnhancedMessageParser After reset, output length: 105 resetFlag: true
DEBUG EnhancedMessageParser Auto-wrapped code block as file: /app.tsx
DEBUG EnhancedMessageParser Detected code blocks to wrap, resetting parser for message: perf_test_25_0
DEBUG EnhancedMessageParser Input length: 97 Enhanced input length: 222
DEBUG EnhancedMessageParser After reset, output length: 105 resetFlag: true
DEBUG EnhancedMessageParser Auto-wrapped shell code block as command: bash
DEBUG EnhancedMessageParser Detected code blocks to wrap, resetting parser for message: perf_test_25_1
DEBUG EnhancedMessageParser Input length: 50 Enhanced input length: 175
DEBUG EnhancedMessageParser After reset, output length: 120 resetFlag: true
DEBUG EnhancedMessageParser Auto-wrapped code block as file: /config.json
DEBUG EnhancedMessageParser Detected code blocks to wrap, resetting parser for message: perf_test_25_2
DEBUG EnhancedMessageParser Input length: 49 Enhanced input length: 177
DEBUG EnhancedMessageParser After reset, output length: 105 resetFlag: true
DEBUG EnhancedMessageParser Auto-wrapped code block as file: /app.tsx
DEBUG EnhancedMessageParser Detected code blocks to wrap, resetting parser for message: perf_test_26_0
DEBUG EnhancedMessageParser Input length: 97 Enhanced input length: 222
DEBUG EnhancedMessageParser After reset, output length: 105 resetFlag: true
DEBUG EnhancedMessageParser Auto-wrapped shell code block as command: bash
DEBUG EnhancedMessageParser Detected code blocks to wrap, resetting parser for message: perf_test_26_1
DEBUG EnhancedMessageParser Input length: 50 Enhanced input length: 175
DEBUG EnhancedMessageParser After reset, output length: 120 resetFlag: true
DEBUG EnhancedMessageParser Auto-wrapped code block as file: /config.json
DEBUG EnhancedMessageParser Detected code blocks to wrap, resetting parser for message: perf_test_26_2
DEBUG EnhancedMessageParser Input length: 49 Enhanced input length: 177
DEBUG EnhancedMessageParser After reset, output length: 105 resetFlag: true
DEBUG EnhancedMessageParser Auto-wrapped code block as file: /app.tsx
DEBUG EnhancedMessageParser Detected code blocks to wrap, resetting parser for message: perf_test_27_0
DEBUG EnhancedMessageParser Input length: 97 Enhanced input length: 222
DEBUG EnhancedMessageParser After reset, output length: 105 resetFlag: true
DEBUG EnhancedMessageParser Auto-wrapped shell code block as command: bash
DEBUG EnhancedMessageParser Detected code blocks to wrap, resetting parser for message: perf_test_27_1
DEBUG EnhancedMessageParser Input length: 50 Enhanced input length: 175
DEBUG EnhancedMessageParser After reset, output length: 120 resetFlag: true
DEBUG EnhancedMessageParser Auto-wrapped code block as file: /config.json
DEBUG EnhancedMessageParser Detected code blocks to wrap, resetting parser for message: perf_test_27_2
DEBUG EnhancedMessageParser Input length: 49 Enhanced input length: 177
DEBUG EnhancedMessageParser After reset, output length: 105 resetFlag: true
DEBUG EnhancedMessageParser Auto-wrapped code block as file: /app.tsx
DEBUG EnhancedMessageParser Detected code blocks to wrap, resetting parser for message: perf_test_28_0
DEBUG EnhancedMessageParser Input length: 97 Enhanced input length: 222
DEBUG EnhancedMessageParser After reset, output length: 105 resetFlag: true
DEBUG EnhancedMessageParser Auto-wrapped shell code block as command: bash
DEBUG EnhancedMessageParser Detected code blocks to wrap, resetting parser for message: perf_test_28_1
DEBUG EnhancedMessageParser Input length: 50 Enhanced input length: 175
DEBUG EnhancedMessageParser After reset, output length: 120 resetFlag: true
DEBUG EnhancedMessageParser Auto-wrapped code block as file: /config.json
DEBUG EnhancedMessageParser Detected code blocks to wrap, resetting parser for message: perf_test_28_2
DEBUG EnhancedMessageParser Input length: 49 Enhanced input length: 177
DEBUG EnhancedMessageParser After reset, output length: 105 resetFlag: true
DEBUG EnhancedMessageParser Auto-wrapped code block as file: /app.tsx
DEBUG EnhancedMessageParser Detected code blocks to wrap, resetting parser for message: perf_test_29_0
DEBUG EnhancedMessageParser Input length: 97 Enhanced input length: 222
DEBUG EnhancedMessageParser After reset, output length: 105 resetFlag: true
DEBUG EnhancedMessageParser Auto-wrapped shell code block as command: bash
DEBUG EnhancedMessageParser Detected code blocks to wrap, resetting parser for message: perf_test_29_1
DEBUG EnhancedMessageParser Input length: 50 Enhanced input length: 175
DEBUG EnhancedMessageParser After reset, output length: 120 resetFlag: true
DEBUG EnhancedMessageParser Auto-wrapped code block as file: /config.json
DEBUG EnhancedMessageParser Detected code blocks to wrap, resetting parser for message: perf_test_29_2
DEBUG EnhancedMessageParser Input length: 49 Enhanced input length: 177
DEBUG EnhancedMessageParser After reset, output length: 105 resetFlag: true
DEBUG EnhancedMessageParser Auto-wrapped code block as file: /app.tsx
DEBUG EnhancedMessageParser Detected code blocks to wrap, resetting parser for message: perf_test_30_0
DEBUG EnhancedMessageParser Input length: 97 Enhanced input length: 222
DEBUG EnhancedMessageParser After reset, output length: 105 resetFlag: true
DEBUG EnhancedMessageParser Auto-wrapped shell code block as command: bash
DEBUG EnhancedMessageParser Detected code blocks to wrap, resetting parser for message: perf_test_30_1
DEBUG EnhancedMessageParser Input length: 50 Enhanced input length: 175
DEBUG EnhancedMessageParser After reset, output length: 120 resetFlag: true
DEBUG EnhancedMessageParser Auto-wrapped code block as file: /config.json
DEBUG EnhancedMessageParser Detected code blocks to wrap, resetting parser for message: perf_test_30_2
DEBUG EnhancedMessageParser Input length: 49 Enhanced input length: 177
DEBUG EnhancedMessageParser After reset, output length: 105 resetFlag: true
DEBUG EnhancedMessageParser Auto-wrapped code block as file: /app.tsx
DEBUG EnhancedMessageParser Detected code blocks to wrap, resetting parser for message: perf_test_31_0
DEBUG EnhancedMessageParser Input length: 97 Enhanced input length: 222
DEBUG EnhancedMessageParser After reset, output length: 105 resetFlag: true
DEBUG EnhancedMessageParser Auto-wrapped shell code block as command: bash
DEBUG EnhancedMessageParser Detected code blocks to wrap, resetting parser for message: perf_test_31_1
DEBUG EnhancedMessageParser Input length: 50 Enhanced input length: 175
DEBUG EnhancedMessageParser After reset, output length: 120 resetFlag: true
DEBUG EnhancedMessageParser Auto-wrapped code block as file: /config.json
DEBUG EnhancedMessageParser Detected code blocks to wrap, resetting parser for message: perf_test_31_2
DEBUG EnhancedMessageParser Input length: 49 Enhanced input length: 177
DEBUG EnhancedMessageParser After reset, output length: 105 resetFlag: true
DEBUG EnhancedMessageParser Auto-wrapped code block as file: /app.tsx
DEBUG EnhancedMessageParser Detected code blocks to wrap, resetting parser for message: perf_test_32_0
DEBUG EnhancedMessageParser Input length: 97 Enhanced input length: 222
DEBUG EnhancedMessageParser After reset, output length: 105 resetFlag: true
DEBUG EnhancedMessageParser Auto-wrapped shell code block as command: bash
DEBUG EnhancedMessageParser Detected code blocks to wrap, resetting parser for message: perf_test_32_1
DEBUG EnhancedMessageParser Input length: 50 Enhanced input length: 175
DEBUG EnhancedMessageParser After reset, output length: 120 resetFlag: true
DEBUG EnhancedMessageParser Auto-wrapped code block as file: /config.json
DEBUG EnhancedMessageParser Detected code blocks to wrap, resetting parser for message: perf_test_32_2
DEBUG EnhancedMessageParser Input length: 49 Enhanced input length: 177
DEBUG EnhancedMessageParser After reset, output length: 105 resetFlag: true
DEBUG EnhancedMessageParser Auto-wrapped code block as file: /app.tsx
DEBUG EnhancedMessageParser Detected code blocks to wrap, resetting parser for message: perf_test_33_0
DEBUG EnhancedMessageParser Input length: 97 Enhanced input length: 222
DEBUG EnhancedMessageParser After reset, output length: 105 resetFlag: true
DEBUG EnhancedMessageParser Auto-wrapped shell code block as command: bash
DEBUG EnhancedMessageParser Detected code blocks to wrap, resetting parser for message: perf_test_33_1
DEBUG EnhancedMessageParser Input length: 50 Enhanced input length: 175
DEBUG EnhancedMessageParser After reset, output length: 120 resetFlag: true
DEBUG EnhancedMessageParser Auto-wrapped code block as file: /config.json
DEBUG EnhancedMessageParser Detected code blocks to wrap, resetting parser for message: perf_test_33_2
DEBUG EnhancedMessageParser Input length: 49 Enhanced input length: 177
DEBUG EnhancedMessageParser After reset, output length: 105 resetFlag: true
DEBUG EnhancedMessageParser Auto-wrapped code block as file: /app.tsx
DEBUG EnhancedMessageParser Detected code blocks to wrap, resetting parser for message: perf_test_34_0
DEBUG EnhancedMessageParser Input length: 97 Enhanced input length: 222
DEBUG EnhancedMessageParser After reset, output length: 105 resetFlag: true
DEBUG EnhancedMessageParser Auto-wrapped shell code block as command: bash
DEBUG EnhancedMessageParser Detected code blocks to wrap, resetting parser for message: perf_test_34_1
DEBUG EnhancedMessageParser Input length: 50 Enhanced input length: 175
DEBUG EnhancedMessageParser After reset, output length: 120 resetFlag: true
DEBUG EnhancedMessageParser Auto-wrapped code block as file: /config.json
DEBUG EnhancedMessageParser Detected code blocks to wrap, resetting parser for message: perf_test_34_2
DEBUG EnhancedMessageParser Input length: 49 Enhanced input length: 177
DEBUG EnhancedMessageParser After reset, output length: 105 resetFlag: true
DEBUG EnhancedMessageParser Auto-wrapped code block as file: /app.tsx
DEBUG EnhancedMessageParser Detected code blocks to wrap, resetting parser for message: perf_test_35_0
DEBUG EnhancedMessageParser Input length: 97 Enhanced input length: 222
DEBUG EnhancedMessageParser After reset, output length: 105 resetFlag: true
DEBUG EnhancedMessageParser Auto-wrapped shell code block as command: bash
DEBUG EnhancedMessageParser Detected code blocks to wrap, resetting parser for message: perf_test_35_1
DEBUG EnhancedMessageParser Input length: 50 Enhanced input length: 175
DEBUG EnhancedMessageParser After reset, output length: 120 resetFlag: true
DEBUG EnhancedMessageParser Auto-wrapped code block as file: /config.json
DEBUG EnhancedMessageParser Detected code blocks to wrap, resetting parser for message: perf_test_35_2
DEBUG EnhancedMessageParser Input length: 49 Enhanced input length: 177
DEBUG EnhancedMessageParser After reset, output length: 105 resetFlag: true
DEBUG EnhancedMessageParser Auto-wrapped code block as file: /app.tsx
DEBUG EnhancedMessageParser Detected code blocks to wrap, resetting parser for message: perf_test_36_0
DEBUG EnhancedMessageParser Input length: 97 Enhanced input length: 222
DEBUG EnhancedMessageParser After reset, output length: 105 resetFlag: true
DEBUG EnhancedMessageParser Auto-wrapped shell code block as command: bash
DEBUG EnhancedMessageParser Detected code blocks to wrap, resetting parser for message: perf_test_36_1
DEBUG EnhancedMessageParser Input length: 50 Enhanced input length: 175
DEBUG EnhancedMessageParser After reset, output length: 120 resetFlag: true
DEBUG EnhancedMessageParser Auto-wrapped code block as file: /config.json
DEBUG EnhancedMessageParser Detected code blocks to wrap, resetting parser for message: perf_test_36_2
DEBUG EnhancedMessageParser Input length: 49 Enhanced input length: 177
DEBUG EnhancedMessageParser After reset, output length: 105 resetFlag: true
DEBUG EnhancedMessageParser Auto-wrapped code block as file: /app.tsx
DEBUG EnhancedMessageParser Detected code blocks to wrap, resetting parser for message: perf_test_37_0
DEBUG EnhancedMessageParser Input length: 97 Enhanced input length: 222
DEBUG EnhancedMessageParser After reset, output length: 105 resetFlag: true
DEBUG EnhancedMessageParser Auto-wrapped shell code block as command: bash
DEBUG EnhancedMessageParser Detected code blocks to wrap, resetting parser for message: perf_test_37_1
DEBUG EnhancedMessageParser Input length: 50 Enhanced input length: 175
DEBUG EnhancedMessageParser After reset, output length: 120 resetFlag: true
DEBUG EnhancedMessageParser Auto-wrapped code block as file: /config.json
DEBUG EnhancedMessageParser Detected code blocks to wrap, resetting parser for message: perf_test_37_2
DEBUG EnhancedMessageParser Input length: 49 Enhanced input length: 177
DEBUG EnhancedMessageParser After reset, output length: 105 resetFlag: true
DEBUG EnhancedMessageParser Auto-wrapped code block as file: /app.tsx
DEBUG EnhancedMessageParser Detected code blocks to wrap, resetting parser for message: perf_test_38_0
DEBUG EnhancedMessageParser Input length: 97 Enhanced input length: 222
DEBUG EnhancedMessageParser After reset, output length: 105 resetFlag: true
DEBUG EnhancedMessageParser Auto-wrapped shell code block as command: bash
DEBUG EnhancedMessageParser Detected code blocks to wrap, resetting parser for message: perf_test_38_1
DEBUG EnhancedMessageParser Input length: 50 Enhanced input length: 175
DEBUG EnhancedMessageParser After reset, output length: 120 resetFlag: true
DEBUG EnhancedMessageParser Auto-wrapped code block as file: /config.json
DEBUG EnhancedMessageParser Detected code blocks to wrap, resetting parser for message: perf_test_38_2
DEBUG EnhancedMessageParser Input length: 49 Enhanced input length: 177
DEBUG EnhancedMessageParser After reset, output length: 105 resetFlag: true
DEBUG EnhancedMessageParser Auto-wrapped code block as file: /app.tsx
DEBUG EnhancedMessageParser Detected code blocks to wrap, resetting parser for message: perf_test_39_0
DEBUG EnhancedMessageParser Input length: 97 Enhanced input length: 222
DEBUG EnhancedMessageParser After reset, output length: 105 resetFlag: true
DEBUG EnhancedMessageParser Auto-wrapped shell code block as command: bash
DEBUG EnhancedMessageParser Detected code blocks to wrap, resetting parser for message: perf_test_39_1
DEBUG EnhancedMessageParser Input length: 50 Enhanced input length: 175
DEBUG EnhancedMessageParser After reset, output length: 120 resetFlag: true
DEBUG EnhancedMessageParser Auto-wrapped code block as file: /config.json
DEBUG EnhancedMessageParser Detected code blocks to wrap, resetting parser for message: perf_test_39_2
DEBUG EnhancedMessageParser Input length: 49 Enhanced input length: 177
DEBUG EnhancedMessageParser After reset, output length: 105 resetFlag: true
DEBUG EnhancedMessageParser Auto-wrapped code block as file: /app.tsx
DEBUG EnhancedMessageParser Detected code blocks to wrap, resetting parser for message: perf_test_40_0
DEBUG EnhancedMessageParser Input length: 97 Enhanced input length: 222
DEBUG EnhancedMessageParser After reset, output length: 105 resetFlag: true
DEBUG EnhancedMessageParser Auto-wrapped shell code block as command: bash
DEBUG EnhancedMessageParser Detected code blocks to wrap, resetting parser for message: perf_test_40_1
DEBUG EnhancedMessageParser Input length: 50 Enhanced input length: 175
DEBUG EnhancedMessageParser After reset, output length: 120 resetFlag: true
DEBUG EnhancedMessageParser Auto-wrapped code block as file: /config.json
DEBUG EnhancedMessageParser Detected code blocks to wrap, resetting parser for message: perf_test_40_2
DEBUG EnhancedMessageParser Input length: 49 Enhanced input length: 177
DEBUG EnhancedMessageParser After reset, output length: 105 resetFlag: true
DEBUG EnhancedMessageParser Auto-wrapped code block as file: /app.tsx
DEBUG EnhancedMessageParser Detected code blocks to wrap, resetting parser for message: perf_test_41_0
DEBUG EnhancedMessageParser Input length: 97 Enhanced input length: 222
DEBUG EnhancedMessageParser After reset, output length: 105 resetFlag: true
DEBUG EnhancedMessageParser Auto-wrapped shell code block as command: bash
DEBUG EnhancedMessageParser Detected code blocks to wrap, resetting parser for message: perf_test_41_1
DEBUG EnhancedMessageParser Input length: 50 Enhanced input length: 175
DEBUG EnhancedMessageParser After reset, output length: 120 resetFlag: true
DEBUG EnhancedMessageParser Auto-wrapped code block as file: /config.json
DEBUG EnhancedMessageParser Detected code blocks to wrap, resetting parser for message: perf_test_41_2
DEBUG EnhancedMessageParser Input length: 49 Enhanced input length: 177
DEBUG EnhancedMessageParser After reset, output length: 105 resetFlag: true
DEBUG EnhancedMessageParser Auto-wrapped code block as file: /app.tsx
DEBUG EnhancedMessageParser Detected code blocks to wrap, resetting parser for message: perf_test_42_0
DEBUG EnhancedMessageParser Input length: 97 Enhanced input length: 222
DEBUG EnhancedMessageParser After reset, output length: 105 resetFlag: true
DEBUG EnhancedMessageParser Auto-wrapped shell code block as command: bash
DEBUG EnhancedMessageParser Detected code blocks to wrap, resetting parser for message: perf_test_42_1
DEBUG EnhancedMessageParser Input length: 50 Enhanced input length: 175
DEBUG EnhancedMessageParser After reset, output length: 120 resetFlag: true
DEBUG EnhancedMessageParser Auto-wrapped code block as file: /config.json
DEBUG EnhancedMessageParser Detected code blocks to wrap, resetting parser for message: perf_test_42_2
DEBUG EnhancedMessageParser Input length: 49 Enhanced input length: 177
DEBUG EnhancedMessageParser After reset, output length: 105 resetFlag: true
DEBUG EnhancedMessageParser Auto-wrapped code block as file: /app.tsx
DEBUG EnhancedMessageParser Detected code blocks to wrap, resetting parser for message: perf_test_43_0
DEBUG EnhancedMessageParser Input length: 97 Enhanced input length: 222
DEBUG EnhancedMessageParser After reset, output length: 105 resetFlag: true
DEBUG EnhancedMessageParser Auto-wrapped shell code block as command: bash
DEBUG EnhancedMessageParser Detected code blocks to wrap, resetting parser for message: perf_test_43_1
DEBUG EnhancedMessageParser Input length: 50 Enhanced input length: 175
DEBUG EnhancedMessageParser After reset, output length: 120 resetFlag: true
DEBUG EnhancedMessageParser Auto-wrapped code block as file: /config.json
DEBUG EnhancedMessageParser Detected code blocks to wrap, resetting parser for message: perf_test_43_2
DEBUG EnhancedMessageParser Input length: 49 Enhanced input length: 177
DEBUG EnhancedMessageParser After reset, output length: 105 resetFlag: true
DEBUG EnhancedMessageParser Auto-wrapped code block as file: /app.tsx
DEBUG EnhancedMessageParser Detected code blocks to wrap, resetting parser for message: perf_test_44_0
DEBUG EnhancedMessageParser Input length: 97 Enhanced input length: 222
DEBUG EnhancedMessageParser After reset, output length: 105 resetFlag: true
DEBUG EnhancedMessageParser Auto-wrapped shell code block as command: bash
DEBUG EnhancedMessageParser Detected code blocks to wrap, resetting parser for message: perf_test_44_1
DEBUG EnhancedMessageParser Input length: 50 Enhanced input length: 175
DEBUG EnhancedMessageParser After reset, output length: 120 resetFlag: true
DEBUG EnhancedMessageParser Auto-wrapped code block as file: /config.json
DEBUG EnhancedMessageParser Detected code blocks to wrap, resetting parser for message: perf_test_44_2
DEBUG EnhancedMessageParser Input length: 49 Enhanced input length: 177
DEBUG EnhancedMessageParser After reset, output length: 105 resetFlag: true
DEBUG EnhancedMessageParser Auto-wrapped code block as file: /app.tsx
DEBUG EnhancedMessageParser Detected code blocks to wrap, resetting parser for message: perf_test_45_0
DEBUG EnhancedMessageParser Input length: 97 Enhanced input length: 222
DEBUG EnhancedMessageParser After reset, output length: 105 resetFlag: true
DEBUG EnhancedMessageParser Auto-wrapped shell code block as command: bash
DEBUG EnhancedMessageParser Detected code blocks to wrap, resetting parser for message: perf_test_45_1
DEBUG EnhancedMessageParser Input length: 50 Enhanced input length: 175
DEBUG EnhancedMessageParser After reset, output length: 120 resetFlag: true
DEBUG EnhancedMessageParser Auto-wrapped code block as file: /config.json
DEBUG EnhancedMessageParser Detected code blocks to wrap, resetting parser for message: perf_test_45_2
DEBUG EnhancedMessageParser Input length: 49 Enhanced input length: 177
DEBUG EnhancedMessageParser After reset, output length: 105 resetFlag: true
DEBUG EnhancedMessageParser Auto-wrapped code block as file: /app.tsx
DEBUG EnhancedMessageParser Detected code blocks to wrap, resetting parser for message: perf_test_46_0
DEBUG EnhancedMessageParser Input length: 97 Enhanced input length: 222
DEBUG EnhancedMessageParser After reset, output length: 105 resetFlag: true
DEBUG EnhancedMessageParser Auto-wrapped shell code block as command: bash
DEBUG EnhancedMessageParser Detected code blocks to wrap, resetting parser for message: perf_test_46_1
DEBUG EnhancedMessageParser Input length: 50 Enhanced input length: 175
DEBUG EnhancedMessageParser After reset, output length: 120 resetFlag: true
DEBUG EnhancedMessageParser Auto-wrapped code block as file: /config.json
DEBUG EnhancedMessageParser Detected code blocks to wrap, resetting parser for message: perf_test_46_2
DEBUG EnhancedMessageParser Input length: 49 Enhanced input length: 177
DEBUG EnhancedMessageParser After reset, output length: 105 resetFlag: true
DEBUG EnhancedMessageParser Auto-wrapped code block as file: /app.tsx
DEBUG EnhancedMessageParser Detected code blocks to wrap, resetting parser for message: perf_test_47_0
DEBUG EnhancedMessageParser Input length: 97 Enhanced input length: 222
DEBUG EnhancedMessageParser After reset, output length: 105 resetFlag: true
DEBUG EnhancedMessageParser Auto-wrapped shell code block as command: bash
DEBUG EnhancedMessageParser Detected code blocks to wrap, resetting parser for message: perf_test_47_1
DEBUG EnhancedMessageParser Input length: 50 Enhanced input length: 175
DEBUG EnhancedMessageParser After reset, output length: 120 resetFlag: true
DEBUG EnhancedMessageParser Auto-wrapped code block as file: /config.json
DEBUG EnhancedMessageParser Detected code blocks to wrap, resetting parser for message: perf_test_47_2
DEBUG EnhancedMessageParser Input length: 49 Enhanced input length: 177
DEBUG EnhancedMessageParser After reset, output length: 105 resetFlag: true
DEBUG EnhancedMessageParser Auto-wrapped code block as file: /app.tsx
DEBUG EnhancedMessageParser Detected code blocks to wrap, resetting parser for message: perf_test_48_0
DEBUG EnhancedMessageParser Input length: 97 Enhanced input length: 222
DEBUG EnhancedMessageParser After reset, output length: 105 resetFlag: true
DEBUG EnhancedMessageParser Auto-wrapped shell code block as command: bash
DEBUG EnhancedMessageParser Detected code blocks to wrap, resetting parser for message: perf_test_48_1
DEBUG EnhancedMessageParser Input length: 50 Enhanced input length: 175
DEBUG EnhancedMessageParser After reset, output length: 120 resetFlag: true
DEBUG EnhancedMessageParser Auto-wrapped code block as file: /config.json
DEBUG EnhancedMessageParser Detected code blocks to wrap, resetting parser for message: perf_test_48_2
DEBUG EnhancedMessageParser Input length: 49 Enhanced input length: 177
DEBUG EnhancedMessageParser After reset, output length: 105 resetFlag: true
DEBUG EnhancedMessageParser Auto-wrapped code block as file: /app.tsx
DEBUG EnhancedMessageParser Detected code blocks to wrap, resetting parser for message: perf_test_49_0
DEBUG EnhancedMessageParser Input length: 97 Enhanced input length: 222
DEBUG EnhancedMessageParser After reset, output length: 105 resetFlag: true
DEBUG EnhancedMessageParser Auto-wrapped shell code block as command: bash
DEBUG EnhancedMessageParser Detected code blocks to wrap, resetting parser for message: perf_test_49_1
DEBUG EnhancedMessageParser Input length: 50 Enhanced input length: 175
DEBUG EnhancedMessageParser After reset, output length: 120 resetFlag: true
DEBUG EnhancedMessageParser Auto-wrapped code block as file: /config.json
DEBUG EnhancedMessageParser Detected code blocks to wrap, resetting parser for message: perf_test_49_2
DEBUG EnhancedMessageParser Input length: 49 Enhanced input length: 177
DEBUG EnhancedMessageParser After reset, output length: 105 resetFlag: true
DEBUG EnhancedMessageParser Auto-wrapped code block as file: /app.tsx
DEBUG EnhancedMessageParser Detected code blocks to wrap, resetting parser for message: perf_test_50_0
DEBUG EnhancedMessageParser Input length: 97 Enhanced input length: 222
DEBUG EnhancedMessageParser After reset, output length: 105 resetFlag: true
DEBUG EnhancedMessageParser Auto-wrapped shell code block as command: bash
DEBUG EnhancedMessageParser Detected code blocks to wrap, resetting parser for message: perf_test_50_1
DEBUG EnhancedMessageParser Input length: 50 Enhanced input length: 175
DEBUG EnhancedMessageParser After reset, output length: 120 resetFlag: true
DEBUG EnhancedMessageParser Auto-wrapped code block as file: /config.json
DEBUG EnhancedMessageParser Detected code blocks to wrap, resetting parser for message: perf_test_50_2
DEBUG EnhancedMessageParser Input length: 49 Enhanced input length: 177
DEBUG EnhancedMessageParser After reset, output length: 105 resetFlag: true
DEBUG EnhancedMessageParser Auto-wrapped code block as file: /app.tsx
DEBUG EnhancedMessageParser Detected code blocks to wrap, resetting parser for message: perf_test_51_0
DEBUG EnhancedMessageParser Input length: 97 Enhanced input length: 222
DEBUG EnhancedMessageParser After reset, output length: 105 resetFlag: true
DEBUG EnhancedMessageParser Auto-wrapped shell code block as command: bash
DEBUG EnhancedMessageParser Detected code blocks to wrap, resetting parser for message: perf_test_51_1
DEBUG EnhancedMessageParser Input length: 50 Enhanced input length: 175
DEBUG EnhancedMessageParser After reset, output length: 120 resetFlag: true
DEBUG EnhancedMessageParser Auto-wrapped code block as file: /config.json
DEBUG EnhancedMessageParser Detected code blocks to wrap, resetting parser for message: perf_test_51_2
DEBUG EnhancedMessageParser Input length: 49 Enhanced input length: 177
DEBUG EnhancedMessageParser After reset, output length: 105 resetFlag: true
DEBUG EnhancedMessageParser Auto-wrapped code block as file: /app.tsx
DEBUG EnhancedMessageParser Detected code blocks to wrap, resetting parser for message: perf_test_52_0
DEBUG EnhancedMessageParser Input length: 97 Enhanced input length: 222
DEBUG EnhancedMessageParser After reset, output length: 105 resetFlag: true
DEBUG EnhancedMessageParser Auto-wrapped shell code block as command: bash
DEBUG EnhancedMessageParser Detected code blocks to wrap, resetting parser for message: perf_test_52_1
DEBUG EnhancedMessageParser Input length: 50 Enhanced input length: 175
DEBUG EnhancedMessageParser After reset, output length: 120 resetFlag: true
DEBUG EnhancedMessageParser Auto-wrapped code block as file: /config.json
DEBUG EnhancedMessageParser Detected code blocks to wrap, resetting parser for message: perf_test_52_2
DEBUG EnhancedMessageParser Input length: 49 Enhanced input length: 177
DEBUG EnhancedMessageParser After reset, output length: 105 resetFlag: true
DEBUG EnhancedMessageParser Auto-wrapped code block as file: /app.tsx
DEBUG EnhancedMessageParser Detected code blocks to wrap, resetting parser for message: perf_test_53_0
DEBUG EnhancedMessageParser Input length: 97 Enhanced input length: 222
DEBUG EnhancedMessageParser After reset, output length: 105 resetFlag: true
DEBUG EnhancedMessageParser Auto-wrapped shell code block as command: bash
DEBUG EnhancedMessageParser Detected code blocks to wrap, resetting parser for message: perf_test_53_1
DEBUG EnhancedMessageParser Input length: 50 Enhanced input length: 175
DEBUG EnhancedMessageParser After reset, output length: 120 resetFlag: true
DEBUG EnhancedMessageParser Auto-wrapped code block as file: /config.json
DEBUG EnhancedMessageParser Detected code blocks to wrap, resetting parser for message: perf_test_53_2
DEBUG EnhancedMessageParser Input length: 49 Enhanced input length: 177
DEBUG EnhancedMessageParser After reset, output length: 105 resetFlag: true
DEBUG EnhancedMessageParser Auto-wrapped code block as file: /app.tsx
DEBUG EnhancedMessageParser Detected code blocks to wrap, resetting parser for message: perf_test_54_0
DEBUG EnhancedMessageParser Input length: 97 Enhanced input length: 222
DEBUG EnhancedMessageParser After reset, output length: 105 resetFlag: true
DEBUG EnhancedMessageParser Auto-wrapped shell code block as command: bash
DEBUG EnhancedMessageParser Detected code blocks to wrap, resetting parser for message: perf_test_54_1
DEBUG EnhancedMessageParser Input length: 50 Enhanced input length: 175
DEBUG EnhancedMessageParser After reset, output length: 120 resetFlag: true
DEBUG EnhancedMessageParser Auto-wrapped code block as file: /config.json
DEBUG EnhancedMessageParser Detected code blocks to wrap, resetting parser for message: perf_test_54_2
DEBUG EnhancedMessageParser Input length: 49 Enhanced input length: 177
DEBUG EnhancedMessageParser After reset, output length: 105 resetFlag: true
DEBUG EnhancedMessageParser Auto-wrapped code block as file: /app.tsx
DEBUG EnhancedMessageParser Detected code blocks to wrap, resetting parser for message: perf_test_55_0
DEBUG EnhancedMessageParser Input length: 97 Enhanced input length: 222
DEBUG EnhancedMessageParser After reset, output length: 105 resetFlag: true
DEBUG EnhancedMessageParser Auto-wrapped shell code block as command: bash
DEBUG EnhancedMessageParser Detected code blocks to wrap, resetting parser for message: perf_test_55_1
DEBUG EnhancedMessageParser Input length: 50 Enhanced input length: 175
DEBUG EnhancedMessageParser After reset, output length: 120 resetFlag: true
DEBUG EnhancedMessageParser Auto-wrapped code block as file: /config.json
DEBUG EnhancedMessageParser Detected code blocks to wrap, resetting parser for message: perf_test_55_2
DEBUG EnhancedMessageParser Input length: 49 Enhanced input length: 177
DEBUG EnhancedMessageParser After reset, output length: 105 resetFlag: true
DEBUG EnhancedMessageParser Auto-wrapped code block as file: /app.tsx
DEBUG EnhancedMessageParser Detected code blocks to wrap, resetting parser for message: perf_test_56_0
DEBUG EnhancedMessageParser Input length: 97 Enhanced input length: 222
DEBUG EnhancedMessageParser After reset, output length: 105 resetFlag: true
DEBUG EnhancedMessageParser Auto-wrapped shell code block as command: bash
DEBUG EnhancedMessageParser Detected code blocks to wrap, resetting parser for message: perf_test_56_1
DEBUG EnhancedMessageParser Input length: 50 Enhanced input length: 175
DEBUG EnhancedMessageParser After reset, output length: 120 resetFlag: true
DEBUG EnhancedMessageParser Auto-wrapped code block as file: /config.json
DEBUG EnhancedMessageParser Detected code blocks to wrap, resetting parser for message: perf_test_56_2
DEBUG EnhancedMessageParser Input length: 49 Enhanced input length: 177
DEBUG EnhancedMessageParser After reset, output length: 105 resetFlag: true
DEBUG EnhancedMessageParser Auto-wrapped code block as file: /app.tsx
DEBUG EnhancedMessageParser Detected code blocks to wrap, resetting parser for message: perf_test_57_0
DEBUG EnhancedMessageParser Input length: 97 Enhanced input length: 222
DEBUG EnhancedMessageParser After reset, output length: 105 resetFlag: true
DEBUG EnhancedMessageParser Auto-wrapped shell code block as command: bash
DEBUG EnhancedMessageParser Detected code blocks to wrap, resetting parser for message: perf_test_57_1
DEBUG EnhancedMessageParser Input length: 50 Enhanced input length: 175
DEBUG EnhancedMessageParser After reset, output length: 120 resetFlag: true
DEBUG EnhancedMessageParser Auto-wrapped code block as file: /config.json
DEBUG EnhancedMessageParser Detected code blocks to wrap, resetting parser for message: perf_test_57_2
DEBUG EnhancedMessageParser Input length: 49 Enhanced input length: 177
DEBUG EnhancedMessageParser After reset, output length: 105 resetFlag: true
DEBUG EnhancedMessageParser Auto-wrapped code block as file: /app.tsx
DEBUG EnhancedMessageParser Detected code blocks to wrap, resetting parser for message: perf_test_58_0
DEBUG EnhancedMessageParser Input length: 97 Enhanced input length: 222
DEBUG EnhancedMessageParser After reset, output length: 105 resetFlag: true
DEBUG EnhancedMessageParser Auto-wrapped shell code block as command: bash
DEBUG EnhancedMessageParser Detected code blocks to wrap, resetting parser for message: perf_test_58_1
DEBUG EnhancedMessageParser Input length: 50 Enhanced input length: 175
DEBUG EnhancedMessageParser After reset, output length: 120 resetFlag: true
DEBUG EnhancedMessageParser Auto-wrapped code block as file: /config.json
DEBUG EnhancedMessageParser Detected code blocks to wrap, resetting parser for message: perf_test_58_2
DEBUG EnhancedMessageParser Input length: 49 Enhanced input length: 177
DEBUG EnhancedMessageParser After reset, output length: 105 resetFlag: true
DEBUG EnhancedMessageParser Auto-wrapped code block as file: /app.tsx
DEBUG EnhancedMessageParser Detected code blocks to wrap, resetting parser for message: perf_test_59_0
DEBUG EnhancedMessageParser Input length: 97 Enhanced input length: 222
DEBUG EnhancedMessageParser After reset, output length: 105 resetFlag: true
DEBUG EnhancedMessageParser Auto-wrapped shell code block as command: bash
DEBUG EnhancedMessageParser Detected code blocks to wrap, resetting parser for message: perf_test_59_1
DEBUG EnhancedMessageParser Input length: 50 Enhanced input length: 175
DEBUG EnhancedMessageParser After reset, output length: 120 resetFlag: true
DEBUG EnhancedMessageParser Auto-wrapped code block as file: /config.json
DEBUG EnhancedMessageParser Detected code blocks to wrap, resetting parser for message: perf_test_59_2
DEBUG EnhancedMessageParser Input length: 49 Enhanced input length: 177
DEBUG EnhancedMessageParser After reset, output length: 105 resetFlag: true
DEBUG EnhancedMessageParser Auto-wrapped code block as file: /app.tsx
DEBUG EnhancedMessageParser Detected code blocks to wrap, resetting parser for message: perf_test_60_0
DEBUG EnhancedMessageParser Input length: 97 Enhanced input length: 222
DEBUG EnhancedMessageParser After reset, output length: 105 resetFlag: true
DEBUG EnhancedMessageParser Auto-wrapped shell code block as command: bash
DEBUG EnhancedMessageParser Detected code blocks to wrap, resetting parser for message: perf_test_60_1
DEBUG EnhancedMessageParser Input length: 50 Enhanced input length: 175
DEBUG EnhancedMessageParser After reset, output length: 120 resetFlag: true
DEBUG EnhancedMessageParser Auto-wrapped code block as file: /config.json
DEBUG EnhancedMessageParser Detected code blocks to wrap, resetting parser for message: perf_test_60_2
DEBUG EnhancedMessageParser Input length: 49 Enhanced input length: 177
DEBUG EnhancedMessageParser After reset, output length: 105 resetFlag: true
DEBUG EnhancedMessageParser Auto-wrapped code block as file: /app.tsx
DEBUG EnhancedMessageParser Detected code blocks to wrap, resetting parser for message: perf_test_61_0
DEBUG EnhancedMessageParser Input length: 97 Enhanced input length: 222
DEBUG EnhancedMessageParser After reset, output length: 105 resetFlag: true
DEBUG EnhancedMessageParser Auto-wrapped shell code block as command: bash
DEBUG EnhancedMessageParser Detected code blocks to wrap, resetting parser for message: perf_test_61_1
DEBUG EnhancedMessageParser Input length: 50 Enhanced input length: 175
DEBUG EnhancedMessageParser After reset, output length: 120 resetFlag: true
DEBUG EnhancedMessageParser Auto-wrapped code block as file: /config.json
DEBUG EnhancedMessageParser Detected code blocks to wrap, resetting parser for message: perf_test_61_2
DEBUG EnhancedMessageParser Input length: 49 Enhanced input length: 177
DEBUG EnhancedMessageParser After reset, output length: 105 resetFlag: true
DEBUG EnhancedMessageParser Auto-wrapped code block as file: /app.tsx
DEBUG EnhancedMessageParser Detected code blocks to wrap, resetting parser for message: perf_test_62_0
DEBUG EnhancedMessageParser Input length: 97 Enhanced input length: 222
DEBUG EnhancedMessageParser After reset, output length: 105 resetFlag: true
DEBUG EnhancedMessageParser Auto-wrapped shell code block as command: bash
DEBUG EnhancedMessageParser Detected code blocks to wrap, resetting parser for message: perf_test_62_1
DEBUG EnhancedMessageParser Input length: 50 Enhanced input length: 175
DEBUG EnhancedMessageParser After reset, output length: 120 resetFlag: true
DEBUG EnhancedMessageParser Auto-wrapped code block as file: /config.json
DEBUG EnhancedMessageParser Detected code blocks to wrap, resetting parser for message: perf_test_62_2
DEBUG EnhancedMessageParser Input length: 49 Enhanced input length: 177
DEBUG EnhancedMessageParser After reset, output length: 105 resetFlag: true
DEBUG EnhancedMessageParser Auto-wrapped code block as file: /app.tsx
DEBUG EnhancedMessageParser Detected code blocks to wrap, resetting parser for message: perf_test_63_0
DEBUG EnhancedMessageParser Input length: 97 Enhanced input length: 222
DEBUG EnhancedMessageParser After reset, output length: 105 resetFlag: true
DEBUG EnhancedMessageParser Auto-wrapped shell code block as command: bash
DEBUG EnhancedMessageParser Detected code blocks to wrap, resetting parser for message: perf_test_63_1
DEBUG EnhancedMessageParser Input length: 50 Enhanced input length: 175
DEBUG EnhancedMessageParser After reset, output length: 120 resetFlag: true
DEBUG EnhancedMessageParser Auto-wrapped code block as file: /config.json
DEBUG EnhancedMessageParser Detected code blocks to wrap, resetting parser for message: perf_test_63_2
DEBUG EnhancedMessageParser Input length: 49 Enhanced input length: 177
DEBUG EnhancedMessageParser After reset, output length: 105 resetFlag: true
DEBUG EnhancedMessageParser Auto-wrapped code block as file: /app.tsx
DEBUG EnhancedMessageParser Detected code blocks to wrap, resetting parser for message: perf_test_64_0
DEBUG EnhancedMessageParser Input length: 97 Enhanced input length: 222
DEBUG EnhancedMessageParser After reset, output length: 105 resetFlag: true
DEBUG EnhancedMessageParser Auto-wrapped shell code block as command: bash
DEBUG EnhancedMessageParser Detected code blocks to wrap, resetting parser for message: perf_test_64_1
DEBUG EnhancedMessageParser Input length: 50 Enhanced input length: 175
DEBUG EnhancedMessageParser After reset, output length: 120 resetFlag: true
DEBUG EnhancedMessageParser Auto-wrapped code block as file: /config.json
DEBUG EnhancedMessageParser Detected code blocks to wrap, resetting parser for message: perf_test_64_2
DEBUG EnhancedMessageParser Input length: 49 Enhanced input length: 177
DEBUG EnhancedMessageParser After reset, output length: 105 resetFlag: true
DEBUG EnhancedMessageParser Auto-wrapped code block as file: /app.tsx
DEBUG EnhancedMessageParser Detected code blocks to wrap, resetting parser for message: perf_test_65_0
DEBUG EnhancedMessageParser Input length: 97 Enhanced input length: 222
DEBUG EnhancedMessageParser After reset, output length: 105 resetFlag: true
DEBUG EnhancedMessageParser Auto-wrapped shell code block as command: bash
DEBUG EnhancedMessageParser Detected code blocks to wrap, resetting parser for message: perf_test_65_1
DEBUG EnhancedMessageParser Input length: 50 Enhanced input length: 175
DEBUG EnhancedMessageParser After reset, output length: 120 resetFlag: true
DEBUG EnhancedMessageParser Auto-wrapped code block as file: /config.json
DEBUG EnhancedMessageParser Detected code blocks to wrap, resetting parser for message: perf_test_65_2
DEBUG EnhancedMessageParser Input length: 49 Enhanced input length: 177
DEBUG EnhancedMessageParser After reset, output length: 105 resetFlag: true
DEBUG EnhancedMessageParser Auto-wrapped code block as file: /app.tsx
DEBUG EnhancedMessageParser Detected code blocks to wrap, resetting parser for message: perf_test_66_0
DEBUG EnhancedMessageParser Input length: 97 Enhanced input length: 222
DEBUG EnhancedMessageParser After reset, output length: 105 resetFlag: true
DEBUG EnhancedMessageParser Auto-wrapped shell code block as command: bash
DEBUG EnhancedMessageParser Detected code blocks to wrap, resetting parser for message: perf_test_66_1
DEBUG EnhancedMessageParser Input length: 50 Enhanced input length: 175
DEBUG EnhancedMessageParser After reset, output length: 120 resetFlag: true
DEBUG EnhancedMessageParser Auto-wrapped code block as file: /config.json
DEBUG EnhancedMessageParser Detected code blocks to wrap, resetting parser for message: perf_test_66_2
DEBUG EnhancedMessageParser Input length: 49 Enhanced input length: 177
DEBUG EnhancedMessageParser After reset, output length: 105 resetFlag: true
DEBUG EnhancedMessageParser Auto-wrapped code block as file: /app.tsx
DEBUG EnhancedMessageParser Detected code blocks to wrap, resetting parser for message: perf_test_67_0
DEBUG EnhancedMessageParser Input length: 97 Enhanced input length: 222
DEBUG EnhancedMessageParser After reset, output length: 105 resetFlag: true
DEBUG EnhancedMessageParser Auto-wrapped shell code block as command: bash
DEBUG EnhancedMessageParser Detected code blocks to wrap, resetting parser for message: perf_test_67_1
DEBUG EnhancedMessageParser Input length: 50 Enhanced input length: 175
DEBUG EnhancedMessageParser After reset, output length: 120 resetFlag: true
DEBUG EnhancedMessageParser Auto-wrapped code block as file: /config.json
DEBUG EnhancedMessageParser Detected code blocks to wrap, resetting parser for message: perf_test_67_2
DEBUG EnhancedMessageParser Input length: 49 Enhanced input length: 177
DEBUG EnhancedMessageParser After reset, output length: 105 resetFlag: true
DEBUG EnhancedMessageParser Auto-wrapped code block as file: /app.tsx
DEBUG EnhancedMessageParser Detected code blocks to wrap, resetting parser for message: perf_test_68_0
DEBUG EnhancedMessageParser Input length: 97 Enhanced input length: 222
DEBUG EnhancedMessageParser After reset, output length: 105 resetFlag: true
DEBUG EnhancedMessageParser Auto-wrapped shell code block as command: bash
DEBUG EnhancedMessageParser Detected code blocks to wrap, resetting parser for message: perf_test_68_1
DEBUG EnhancedMessageParser Input length: 50 Enhanced input length: 175
DEBUG EnhancedMessageParser After reset, output length: 120 resetFlag: true
DEBUG EnhancedMessageParser Auto-wrapped code block as file: /config.json
DEBUG EnhancedMessageParser Detected code blocks to wrap, resetting parser for message: perf_test_68_2
DEBUG EnhancedMessageParser Input length: 49 Enhanced input length: 177
DEBUG EnhancedMessageParser After reset, output length: 105 resetFlag: true
DEBUG EnhancedMessageParser Auto-wrapped code block as file: /app.tsx
DEBUG EnhancedMessageParser Detected code blocks to wrap, resetting parser for message: perf_test_69_0
DEBUG EnhancedMessageParser Input length: 97 Enhanced input length: 222
DEBUG EnhancedMessageParser After reset, output length: 105 resetFlag: true
DEBUG EnhancedMessageParser Auto-wrapped shell code block as command: bash
DEBUG EnhancedMessageParser Detected code blocks to wrap, resetting parser for message: perf_test_69_1
DEBUG EnhancedMessageParser Input length: 50 Enhanced input length: 175
DEBUG EnhancedMessageParser After reset, output length: 120 resetFlag: true
DEBUG EnhancedMessageParser Auto-wrapped code block as file: /config.json
DEBUG EnhancedMessageParser Detected code blocks to wrap, resetting parser for message: perf_test_69_2
DEBUG EnhancedMessageParser Input length: 49 Enhanced input length: 177
DEBUG EnhancedMessageParser After reset, output length: 105 resetFlag: true
DEBUG EnhancedMessageParser Auto-wrapped code block as file: /app.tsx
DEBUG EnhancedMessageParser Detected code blocks to wrap, resetting parser for message: perf_test_70_0
DEBUG EnhancedMessageParser Input length: 97 Enhanced input length: 222
DEBUG EnhancedMessageParser After reset, output length: 105 resetFlag: true
DEBUG EnhancedMessageParser Auto-wrapped shell code block as command: bash
DEBUG EnhancedMessageParser Detected code blocks to wrap, resetting parser for message: perf_test_70_1
DEBUG EnhancedMessageParser Input length: 50 Enhanced input length: 175
DEBUG EnhancedMessageParser After reset, output length: 120 resetFlag: true
DEBUG EnhancedMessageParser Auto-wrapped code block as file: /config.json
DEBUG EnhancedMessageParser Detected code blocks to wrap, resetting parser for message: perf_test_70_2
DEBUG EnhancedMessageParser Input length: 49 Enhanced input length: 177
DEBUG EnhancedMessageParser After reset, output length: 105 resetFlag: true
DEBUG EnhancedMessageParser Auto-wrapped code block as file: /app.tsx
DEBUG EnhancedMessageParser Detected code blocks to wrap, resetting parser for message: perf_test_71_0
DEBUG EnhancedMessageParser Input length: 97 Enhanced input length: 222
DEBUG EnhancedMessageParser After reset, output length: 105 resetFlag: true
DEBUG EnhancedMessageParser Auto-wrapped shell code block as command: bash
DEBUG EnhancedMessageParser Detected code blocks to wrap, resetting parser for message: perf_test_71_1
DEBUG EnhancedMessageParser Input length: 50 Enhanced input length: 175
DEBUG EnhancedMessageParser After reset, output length: 120 resetFlag: true
DEBUG EnhancedMessageParser Auto-wrapped code block as file: /config.json
DEBUG EnhancedMessageParser Detected code blocks to wrap, resetting parser for message: perf_test_71_2
DEBUG EnhancedMessageParser Input length: 49 Enhanced input length: 177
DEBUG EnhancedMessageParser After reset, output length: 105 resetFlag: true
DEBUG EnhancedMessageParser Auto-wrapped code block as file: /app.tsx
DEBUG EnhancedMessageParser Detected code blocks to wrap, resetting parser for message: perf_test_72_0
DEBUG EnhancedMessageParser Input length: 97 Enhanced input length: 222
DEBUG EnhancedMessageParser After reset, output length: 105 resetFlag: true
DEBUG EnhancedMessageParser Auto-wrapped shell code block as command: bash
DEBUG EnhancedMessageParser Detected code blocks to wrap, resetting parser for message: perf_test_72_1
DEBUG EnhancedMessageParser Input length: 50 Enhanced input length: 175
DEBUG EnhancedMessageParser After reset, output length: 120 resetFlag: true
DEBUG EnhancedMessageParser Auto-wrapped code block as file: /config.json
DEBUG EnhancedMessageParser Detected code blocks to wrap, resetting parser for message: perf_test_72_2
DEBUG EnhancedMessageParser Input length: 49 Enhanced input length: 177
DEBUG EnhancedMessageParser After reset, output length: 105 resetFlag: true
DEBUG EnhancedMessageParser Auto-wrapped code block as file: /app.tsx
DEBUG EnhancedMessageParser Detected code blocks to wrap, resetting parser for message: perf_test_73_0
DEBUG EnhancedMessageParser Input length: 97 Enhanced input length: 222
DEBUG EnhancedMessageParser After reset, output length: 105 resetFlag: true
DEBUG EnhancedMessageParser Auto-wrapped shell code block as command: bash
DEBUG EnhancedMessageParser Detected code blocks to wrap, resetting parser for message: perf_test_73_1
DEBUG EnhancedMessageParser Input length: 50 Enhanced input length: 175
DEBUG EnhancedMessageParser After reset, output length: 120 resetFlag: true
DEBUG EnhancedMessageParser Auto-wrapped code block as file: /config.json
DEBUG EnhancedMessageParser Detected code blocks to wrap, resetting parser for message: perf_test_73_2
DEBUG EnhancedMessageParser Input length: 49 Enhanced input length: 177
DEBUG EnhancedMessageParser After reset, output length: 105 resetFlag: true
DEBUG EnhancedMessageParser Auto-wrapped code block as file: /app.tsx
DEBUG EnhancedMessageParser Detected code blocks to wrap, resetting parser for message: perf_test_74_0
DEBUG EnhancedMessageParser Input length: 97 Enhanced input length: 222
DEBUG EnhancedMessageParser After reset, output length: 105 resetFlag: true
DEBUG EnhancedMessageParser Auto-wrapped shell code block as command: bash
DEBUG EnhancedMessageParser Detected code blocks to wrap, resetting parser for message: perf_test_74_1
DEBUG EnhancedMessageParser Input length: 50 Enhanced input length: 175
DEBUG EnhancedMessageParser After reset, output length: 120 resetFlag: true
DEBUG EnhancedMessageParser Auto-wrapped code block as file: /config.json
DEBUG EnhancedMessageParser Detected code blocks to wrap, resetting parser for message: perf_test_74_2
DEBUG EnhancedMessageParser Input length: 49 Enhanced input length: 177
DEBUG EnhancedMessageParser After reset, output length: 105 resetFlag: true
DEBUG EnhancedMessageParser Auto-wrapped code block as file: /app.tsx
DEBUG EnhancedMessageParser Detected code blocks to wrap, resetting parser for message: perf_test_75_0
DEBUG EnhancedMessageParser Input length: 97 Enhanced input length: 222
DEBUG EnhancedMessageParser After reset, output length: 105 resetFlag: true
DEBUG EnhancedMessageParser Auto-wrapped shell code block as command: bash
DEBUG EnhancedMessageParser Detected code blocks to wrap, resetting parser for message: perf_test_75_1
DEBUG EnhancedMessageParser Input length: 50 Enhanced input length: 175
DEBUG EnhancedMessageParser After reset, output length: 120 resetFlag: true
DEBUG EnhancedMessageParser Auto-wrapped code block as file: /config.json
DEBUG EnhancedMessageParser Detected code blocks to wrap, resetting parser for message: perf_test_75_2
DEBUG EnhancedMessageParser Input length: 49 Enhanced input length: 177
DEBUG EnhancedMessageParser After reset, output length: 105 resetFlag: true
DEBUG EnhancedMessageParser Auto-wrapped code block as file: /app.tsx
DEBUG EnhancedMessageParser Detected code blocks to wrap, resetting parser for message: perf_test_76_0
DEBUG EnhancedMessageParser Input length: 97 Enhanced input length: 222
DEBUG EnhancedMessageParser After reset, output length: 105 resetFlag: true
DEBUG EnhancedMessageParser Auto-wrapped shell code block as command: bash
DEBUG EnhancedMessageParser Detected code blocks to wrap, resetting parser for message: perf_test_76_1
DEBUG EnhancedMessageParser Input length: 50 Enhanced input length: 175
DEBUG EnhancedMessageParser After reset, output length: 120 resetFlag: true
DEBUG EnhancedMessageParser Auto-wrapped code block as file: /config.json
DEBUG EnhancedMessageParser Detected code blocks to wrap, resetting parser for message: perf_test_76_2
DEBUG EnhancedMessageParser Input length: 49 Enhanced input length: 177
DEBUG EnhancedMessageParser After reset, output length: 105 resetFlag: true
DEBUG EnhancedMessageParser Auto-wrapped code block as file: /app.tsx
DEBUG EnhancedMessageParser Detected code blocks to wrap, resetting parser for message: perf_test_77_0
DEBUG EnhancedMessageParser Input length: 97 Enhanced input length: 222
DEBUG EnhancedMessageParser After reset, output length: 105 resetFlag: true
DEBUG EnhancedMessageParser Auto-wrapped shell code block as command: bash
DEBUG EnhancedMessageParser Detected code blocks to wrap, resetting parser for message: perf_test_77_1
DEBUG EnhancedMessageParser Input length: 50 Enhanced input length: 175
DEBUG EnhancedMessageParser After reset, output length: 120 resetFlag: true
DEBUG EnhancedMessageParser Auto-wrapped code block as file: /config.json
DEBUG EnhancedMessageParser Detected code blocks to wrap, resetting parser for message: perf_test_77_2
DEBUG EnhancedMessageParser Input length: 49 Enhanced input length: 177
DEBUG EnhancedMessageParser After reset, output length: 105 resetFlag: true
DEBUG EnhancedMessageParser Auto-wrapped code block as file: /app.tsx
DEBUG EnhancedMessageParser Detected code blocks to wrap, resetting parser for message: perf_test_78_0
DEBUG EnhancedMessageParser Input length: 97 Enhanced input length: 222
DEBUG EnhancedMessageParser After reset, output length: 105 resetFlag: true
DEBUG EnhancedMessageParser Auto-wrapped shell code block as command: bash
DEBUG EnhancedMessageParser Detected code blocks to wrap, resetting parser for message: perf_test_78_1
DEBUG EnhancedMessageParser Input length: 50 Enhanced input length: 175
DEBUG EnhancedMessageParser After reset, output length: 120 resetFlag: true
DEBUG EnhancedMessageParser Auto-wrapped code block as file: /config.json
DEBUG EnhancedMessageParser Detected code blocks to wrap, resetting parser for message: perf_test_78_2
DEBUG EnhancedMessageParser Input length: 49 Enhanced input length: 177
DEBUG EnhancedMessageParser After reset, output length: 105 resetFlag: true
DEBUG EnhancedMessageParser Auto-wrapped code block as file: /app.tsx
DEBUG EnhancedMessageParser Detected code blocks to wrap, resetting parser for message: perf_test_79_0
DEBUG EnhancedMessageParser Input length: 97 Enhanced input length: 222
DEBUG EnhancedMessageParser After reset, output length: 105 resetFlag: true
DEBUG EnhancedMessageParser Auto-wrapped shell code block as command: bash
DEBUG EnhancedMessageParser Detected code blocks to wrap, resetting parser for message: perf_test_79_1
DEBUG EnhancedMessageParser Input length: 50 Enhanced input length: 175
DEBUG EnhancedMessageParser After reset, output length: 120 resetFlag: true
DEBUG EnhancedMessageParser Auto-wrapped code block as file: /config.json
DEBUG EnhancedMessageParser Detected code blocks to wrap, resetting parser for message: perf_test_79_2
DEBUG EnhancedMessageParser Input length: 49 Enhanced input length: 177
DEBUG EnhancedMessageParser After reset, output length: 105 resetFlag: true
DEBUG EnhancedMessageParser Auto-wrapped code block as file: /app.tsx
DEBUG EnhancedMessageParser Detected code blocks to wrap, resetting parser for message: perf_test_80_0
DEBUG EnhancedMessageParser Input length: 97 Enhanced input length: 222
DEBUG EnhancedMessageParser After reset, output length: 105 resetFlag: true
DEBUG EnhancedMessageParser Auto-wrapped shell code block as command: bash
DEBUG EnhancedMessageParser Detected code blocks to wrap, resetting parser for message: perf_test_80_1
DEBUG EnhancedMessageParser Input length: 50 Enhanced input length: 175
DEBUG EnhancedMessageParser After reset, output length: 120 resetFlag: true
DEBUG EnhancedMessageParser Auto-wrapped code block as file: /config.json
DEBUG EnhancedMessageParser Detected code blocks to wrap, resetting parser for message: perf_test_80_2
DEBUG EnhancedMessageParser Input length: 49 Enhanced input length: 177
DEBUG EnhancedMessageParser After reset, output length: 105 resetFlag: true
DEBUG EnhancedMessageParser Auto-wrapped code block as file: /app.tsx
DEBUG EnhancedMessageParser Detected code blocks to wrap, resetting parser for message: perf_test_81_0
DEBUG EnhancedMessageParser Input length: 97 Enhanced input length: 222
DEBUG EnhancedMessageParser After reset, output length: 105 resetFlag: true
DEBUG EnhancedMessageParser Auto-wrapped shell code block as command: bash
DEBUG EnhancedMessageParser Detected code blocks to wrap, resetting parser for message: perf_test_81_1
DEBUG EnhancedMessageParser Input length: 50 Enhanced input length: 175
DEBUG EnhancedMessageParser After reset, output length: 120 resetFlag: true
DEBUG EnhancedMessageParser Auto-wrapped code block as file: /config.json
DEBUG EnhancedMessageParser Detected code blocks to wrap, resetting parser for message: perf_test_81_2
DEBUG EnhancedMessageParser Input length: 49 Enhanced input length: 177
DEBUG EnhancedMessageParser After reset, output length: 105 resetFlag: true
DEBUG EnhancedMessageParser Auto-wrapped code block as file: /app.tsx
DEBUG EnhancedMessageParser Detected code blocks to wrap, resetting parser for message: perf_test_82_0
DEBUG EnhancedMessageParser Input length: 97 Enhanced input length: 222
DEBUG EnhancedMessageParser After reset, output length: 105 resetFlag: true
DEBUG EnhancedMessageParser Auto-wrapped shell code block as command: bash
DEBUG EnhancedMessageParser Detected code blocks to wrap, resetting parser for message: perf_test_82_1
DEBUG EnhancedMessageParser Input length: 50 Enhanced input length: 175
DEBUG EnhancedMessageParser After reset, output length: 120 resetFlag: true
DEBUG EnhancedMessageParser Auto-wrapped code block as file: /config.json
DEBUG EnhancedMessageParser Detected code blocks to wrap, resetting parser for message: perf_test_82_2
DEBUG EnhancedMessageParser Input length: 49 Enhanced input length: 177
DEBUG EnhancedMessageParser After reset, output length: 105 resetFlag: true
DEBUG EnhancedMessageParser Auto-wrapped code block as file: /app.tsx
DEBUG EnhancedMessageParser Detected code blocks to wrap, resetting parser for message: perf_test_83_0
DEBUG EnhancedMessageParser Input length: 97 Enhanced input length: 222
DEBUG EnhancedMessageParser After reset, output length: 105 resetFlag: true
DEBUG EnhancedMessageParser Auto-wrapped shell code block as command: bash
DEBUG EnhancedMessageParser Detected code blocks to wrap, resetting parser for message: perf_test_83_1
DEBUG EnhancedMessageParser Input length: 50 Enhanced input length: 175
DEBUG EnhancedMessageParser After reset, output length: 120 resetFlag: true
DEBUG EnhancedMessageParser Auto-wrapped code block as file: /config.json
DEBUG EnhancedMessageParser Detected code blocks to wrap, resetting parser for message: perf_test_83_2
DEBUG EnhancedMessageParser Input length: 49 Enhanced input length: 177
DEBUG EnhancedMessageParser After reset, output length: 105 resetFlag: true
DEBUG EnhancedMessageParser Auto-wrapped code block as file: /app.tsx
DEBUG EnhancedMessageParser Detected code blocks to wrap, resetting parser for message: perf_test_84_0
DEBUG EnhancedMessageParser Input length: 97 Enhanced input length: 222
DEBUG EnhancedMessageParser After reset, output length: 105 resetFlag: true
DEBUG EnhancedMessageParser Auto-wrapped shell code block as command: bash
DEBUG EnhancedMessageParser Detected code blocks to wrap, resetting parser for message: perf_test_84_1
DEBUG EnhancedMessageParser Input length: 50 Enhanced input length: 175
DEBUG EnhancedMessageParser After reset, output length: 120 resetFlag: true
DEBUG EnhancedMessageParser Auto-wrapped code block as file: /config.json
DEBUG EnhancedMessageParser Detected code blocks to wrap, resetting parser for message: perf_test_84_2
DEBUG EnhancedMessageParser Input length: 49 Enhanced input length: 177
DEBUG EnhancedMessageParser After reset, output length: 105 resetFlag: true
DEBUG EnhancedMessageParser Auto-wrapped code block as file: /app.tsx
DEBUG EnhancedMessageParser Detected code blocks to wrap, resetting parser for message: perf_test_85_0
DEBUG EnhancedMessageParser Input length: 97 Enhanced input length: 222
DEBUG EnhancedMessageParser After reset, output length: 105 resetFlag: true
DEBUG EnhancedMessageParser Auto-wrapped shell code block as command: bash
DEBUG EnhancedMessageParser Detected code blocks to wrap, resetting parser for message: perf_test_85_1
DEBUG EnhancedMessageParser Input length: 50 Enhanced input length: 175
DEBUG EnhancedMessageParser After reset, output length: 120 resetFlag: true
DEBUG EnhancedMessageParser Auto-wrapped code block as file: /config.json
DEBUG EnhancedMessageParser Detected code blocks to wrap, resetting parser for message: perf_test_85_2
DEBUG EnhancedMessageParser Input length: 49 Enhanced input length: 177
DEBUG EnhancedMessageParser After reset, output length: 105 resetFlag: true
DEBUG EnhancedMessageParser Auto-wrapped code block as file: /app.tsx
DEBUG EnhancedMessageParser Detected code blocks to wrap, resetting parser for message: perf_test_86_0
DEBUG EnhancedMessageParser Input length: 97 Enhanced input length: 222
DEBUG EnhancedMessageParser After reset, output length: 105 resetFlag: true
DEBUG EnhancedMessageParser Auto-wrapped shell code block as command: bash
DEBUG EnhancedMessageParser Detected code blocks to wrap, resetting parser for message: perf_test_86_1
DEBUG EnhancedMessageParser Input length: 50 Enhanced input length: 175
DEBUG EnhancedMessageParser After reset, output length: 120 resetFlag: true
DEBUG EnhancedMessageParser Auto-wrapped code block as file: /config.json
DEBUG EnhancedMessageParser Detected code blocks to wrap, resetting parser for message: perf_test_86_2
DEBUG EnhancedMessageParser Input length: 49 Enhanced input length: 177
DEBUG EnhancedMessageParser After reset, output length: 105 resetFlag: true
DEBUG EnhancedMessageParser Auto-wrapped code block as file: /app.tsx
DEBUG EnhancedMessageParser Detected code blocks to wrap, resetting parser for message: perf_test_87_0
DEBUG EnhancedMessageParser Input length: 97 Enhanced input length: 222
DEBUG EnhancedMessageParser After reset, output length: 105 resetFlag: true
DEBUG EnhancedMessageParser Auto-wrapped shell code block as command: bash
DEBUG EnhancedMessageParser Detected code blocks to wrap, resetting parser for message: perf_test_87_1
DEBUG EnhancedMessageParser Input length: 50 Enhanced input length: 175
DEBUG EnhancedMessageParser After reset, output length: 120 resetFlag: true
DEBUG EnhancedMessageParser Auto-wrapped code block as file: /config.json
DEBUG EnhancedMessageParser Detected code blocks to wrap, resetting parser for message: perf_test_87_2
DEBUG EnhancedMessageParser Input length: 49 Enhanced input length: 177
DEBUG EnhancedMessageParser After reset, output length: 105 resetFlag: true
DEBUG EnhancedMessageParser Auto-wrapped code block as file: /app.tsx
DEBUG EnhancedMessageParser Detected code blocks to wrap, resetting parser for message: perf_test_88_0
DEBUG EnhancedMessageParser Input length: 97 Enhanced input length: 222
DEBUG EnhancedMessageParser After reset, output length: 105 resetFlag: true
DEBUG EnhancedMessageParser Auto-wrapped shell code block as command: bash
DEBUG EnhancedMessageParser Detected code blocks to wrap, resetting parser for message: perf_test_88_1
DEBUG EnhancedMessageParser Input length: 50 Enhanced input length: 175
DEBUG EnhancedMessageParser After reset, output length: 120 resetFlag: true
DEBUG EnhancedMessageParser Auto-wrapped code block as file: /config.json
DEBUG EnhancedMessageParser Detected code blocks to wrap, resetting parser for message: perf_test_88_2
DEBUG EnhancedMessageParser Input length: 49 Enhanced input length: 177
DEBUG EnhancedMessageParser After reset, output length: 105 resetFlag: true
DEBUG EnhancedMessageParser Auto-wrapped code block as file: /app.tsx
DEBUG EnhancedMessageParser Detected code blocks to wrap, resetting parser for message: perf_test_89_0
DEBUG EnhancedMessageParser Input length: 97 Enhanced input length: 222
DEBUG EnhancedMessageParser After reset, output length: 105 resetFlag: true
DEBUG EnhancedMessageParser Auto-wrapped shell code block as command: bash
DEBUG EnhancedMessageParser Detected code blocks to wrap, resetting parser for message: perf_test_89_1
DEBUG EnhancedMessageParser Input length: 50 Enhanced input length: 175
DEBUG EnhancedMessageParser After reset, output length: 120 resetFlag: true
DEBUG EnhancedMessageParser Auto-wrapped code block as file: /config.json
DEBUG EnhancedMessageParser Detected code blocks to wrap, resetting parser for message: perf_test_89_2
DEBUG EnhancedMessageParser Input length: 49 Enhanced input length: 177
DEBUG EnhancedMessageParser After reset, output length: 105 resetFlag: true
DEBUG EnhancedMessageParser Auto-wrapped code block as file: /app.tsx
DEBUG EnhancedMessageParser Detected code blocks to wrap, resetting parser for message: perf_test_90_0
DEBUG EnhancedMessageParser Input length: 97 Enhanced input length: 222
DEBUG EnhancedMessageParser After reset, output length: 105 resetFlag: true
DEBUG EnhancedMessageParser Auto-wrapped shell code block as command: bash
DEBUG EnhancedMessageParser Detected code blocks to wrap, resetting parser for message: perf_test_90_1
DEBUG EnhancedMessageParser Input length: 50 Enhanced input length: 175
DEBUG EnhancedMessageParser After reset, output length: 120 resetFlag: true
DEBUG EnhancedMessageParser Auto-wrapped code block as file: /config.json
DEBUG EnhancedMessageParser Detected code blocks to wrap, resetting parser for message: perf_test_90_2
DEBUG EnhancedMessageParser Input length: 49 Enhanced input length: 177
DEBUG EnhancedMessageParser After reset, output length: 105 resetFlag: true
DEBUG EnhancedMessageParser Auto-wrapped code block as file: /app.tsx
DEBUG EnhancedMessageParser Detected code blocks to wrap, resetting parser for message: perf_test_91_0
DEBUG EnhancedMessageParser Input length: 97 Enhanced input length: 222
DEBUG EnhancedMessageParser After reset, output length: 105 resetFlag: true
DEBUG EnhancedMessageParser Auto-wrapped shell code block as command: bash
DEBUG EnhancedMessageParser Detected code blocks to wrap, resetting parser for message: perf_test_91_1
DEBUG EnhancedMessageParser Input length: 50 Enhanced input length: 175
DEBUG EnhancedMessageParser After reset, output length: 120 resetFlag: true
DEBUG EnhancedMessageParser Auto-wrapped code block as file: /config.json
DEBUG EnhancedMessageParser Detected code blocks to wrap, resetting parser for message: perf_test_91_2
DEBUG EnhancedMessageParser Input length: 49 Enhanced input length: 177
DEBUG EnhancedMessageParser After reset, output length: 105 resetFlag: true
DEBUG EnhancedMessageParser Auto-wrapped code block as file: /app.tsx
DEBUG EnhancedMessageParser Detected code blocks to wrap, resetting parser for message: perf_test_92_0
DEBUG EnhancedMessageParser Input length: 97 Enhanced input length: 222
DEBUG EnhancedMessageParser After reset, output length: 105 resetFlag: true
DEBUG EnhancedMessageParser Auto-wrapped shell code block as command: bash
DEBUG EnhancedMessageParser Detected code blocks to wrap, resetting parser for message: perf_test_92_1
DEBUG EnhancedMessageParser Input length: 50 Enhanced input length: 175
DEBUG EnhancedMessageParser After reset, output length: 120 resetFlag: true
DEBUG EnhancedMessageParser Auto-wrapped code block as file: /config.json
DEBUG EnhancedMessageParser Detected code blocks to wrap, resetting parser for message: perf_test_92_2
DEBUG EnhancedMessageParser Input length: 49 Enhanced input length: 177
DEBUG EnhancedMessageParser After reset, output length: 105 resetFlag: true
DEBUG EnhancedMessageParser Auto-wrapped code block as file: /app.tsx
DEBUG EnhancedMessageParser Detected code blocks to wrap, resetting parser for message: perf_test_93_0
DEBUG EnhancedMessageParser Input length: 97 Enhanced input length: 222
DEBUG EnhancedMessageParser After reset, output length: 105 resetFlag: true
DEBUG EnhancedMessageParser Auto-wrapped shell code block as command: bash
DEBUG EnhancedMessageParser Detected code blocks to wrap, resetting parser for message: perf_test_93_1
DEBUG EnhancedMessageParser Input length: 50 Enhanced input length: 175
DEBUG EnhancedMessageParser After reset, output length: 120 resetFlag: true
DEBUG EnhancedMessageParser Auto-wrapped code block as file: /config.json
DEBUG EnhancedMessageParser Detected code blocks to wrap, resetting parser for message: perf_test_93_2
DEBUG EnhancedMessageParser Input length: 49 Enhanced input length: 177
DEBUG EnhancedMessageParser After reset, output length: 105 resetFlag: true
DEBUG EnhancedMessageParser Auto-wrapped code block as file: /app.tsx
DEBUG EnhancedMessageParser Detected code blocks to wrap, resetting parser for message: perf_test_94_0
DEBUG EnhancedMessageParser Input length: 97 Enhanced input length: 222
DEBUG EnhancedMessageParser After reset, output length: 105 resetFlag: true
DEBUG EnhancedMessageParser Auto-wrapped shell code block as command: bash
DEBUG EnhancedMessageParser Detected code blocks to wrap, resetting parser for message: perf_test_94_1
DEBUG EnhancedMessageParser Input length: 50 Enhanced input length: 175
DEBUG EnhancedMessageParser After reset, output length: 120 resetFlag: true
DEBUG EnhancedMessageParser Auto-wrapped code block as file: /config.json
DEBUG EnhancedMessageParser Detected code blocks to wrap, resetting parser for message: perf_test_94_2
DEBUG EnhancedMessageParser Input length: 49 Enhanced input length: 177
DEBUG EnhancedMessageParser After reset, output length: 105 resetFlag: true
DEBUG EnhancedMessageParser Auto-wrapped code block as file: /app.tsx
DEBUG EnhancedMessageParser Detected code blocks to wrap, resetting parser for message: perf_test_95_0
DEBUG EnhancedMessageParser Input length: 97 Enhanced input length: 222
DEBUG EnhancedMessageParser After reset, output length: 105 resetFlag: true
DEBUG EnhancedMessageParser Auto-wrapped shell code block as command: bash
DEBUG EnhancedMessageParser Detected code blocks to wrap, resetting parser for message: perf_test_95_1
DEBUG EnhancedMessageParser Input length: 50 Enhanced input length: 175
DEBUG EnhancedMessageParser After reset, output length: 120 resetFlag: true
DEBUG EnhancedMessageParser Auto-wrapped code block as file: /config.json
DEBUG EnhancedMessageParser Detected code blocks to wrap, resetting parser for message: perf_test_95_2
DEBUG EnhancedMessageParser Input length: 49 Enhanced input length: 177
DEBUG EnhancedMessageParser After reset, output length: 105 resetFlag: true
DEBUG EnhancedMessageParser Auto-wrapped code block as file: /app.tsx
DEBUG EnhancedMessageParser Detected code blocks to wrap, resetting parser for message: perf_test_96_0
DEBUG EnhancedMessageParser Input length: 97 Enhanced input length: 222
DEBUG EnhancedMessageParser After reset, output length: 105 resetFlag: true
DEBUG EnhancedMessageParser Auto-wrapped shell code block as command: bash
DEBUG EnhancedMessageParser Detected code blocks to wrap, resetting parser for message: perf_test_96_1
DEBUG EnhancedMessageParser Input length: 50 Enhanced input length: 175
DEBUG EnhancedMessageParser After reset, output length: 120 resetFlag: true
DEBUG EnhancedMessageParser Auto-wrapped code block as file: /config.json
DEBUG EnhancedMessageParser Detected code blocks to wrap, resetting parser for message: perf_test_96_2
DEBUG EnhancedMessageParser Input length: 49 Enhanced input length: 177
DEBUG EnhancedMessageParser After reset, output length: 105 resetFlag: true
DEBUG EnhancedMessageParser Auto-wrapped code block as file: /app.tsx
DEBUG EnhancedMessageParser Detected code blocks to wrap, resetting parser for message: perf_test_97_0
DEBUG EnhancedMessageParser Input length: 97 Enhanced input length: 222
DEBUG EnhancedMessageParser After reset, output length: 105 resetFlag: true
DEBUG EnhancedMessageParser Auto-wrapped shell code block as command: bash
DEBUG EnhancedMessageParser Detected code blocks to wrap, resetting parser for message: perf_test_97_1
DEBUG EnhancedMessageParser Input length: 50 Enhanced input length: 175
DEBUG EnhancedMessageParser After reset, output length: 120 resetFlag: true
DEBUG EnhancedMessageParser Auto-wrapped code block as file: /config.json
DEBUG EnhancedMessageParser Detected code blocks to wrap, resetting parser for message: perf_test_97_2
DEBUG EnhancedMessageParser Input length: 49 Enhanced input length: 177
DEBUG EnhancedMessageParser After reset, output length: 105 resetFlag: true
DEBUG EnhancedMessageParser Auto-wrapped code block as file: /app.tsx
DEBUG EnhancedMessageParser Detected code blocks to wrap, resetting parser for message: perf_test_98_0
DEBUG EnhancedMessageParser Input length: 97 Enhanced input length: 222
DEBUG EnhancedMessageParser After reset, output length: 105 resetFlag: true
DEBUG EnhancedMessageParser Auto-wrapped shell code block as command: bash
DEBUG EnhancedMessageParser Detected code blocks to wrap, resetting parser for message: perf_test_98_1
DEBUG EnhancedMessageParser Input length: 50 Enhanced input length: 175
DEBUG EnhancedMessageParser After reset, output length: 120 resetFlag: true
DEBUG EnhancedMessageParser Auto-wrapped code block as file: /config.json
DEBUG EnhancedMessageParser Detected code blocks to wrap, resetting parser for message: perf_test_98_2
DEBUG EnhancedMessageParser Input length: 49 Enhanced input length: 177
DEBUG EnhancedMessageParser After reset, output length: 105 resetFlag: true
DEBUG EnhancedMessageParser Auto-wrapped code block as file: /app.tsx
DEBUG EnhancedMessageParser Detected code blocks to wrap, resetting parser for message: perf_test_99_0
DEBUG EnhancedMessageParser Input length: 97 Enhanced input length: 222
DEBUG EnhancedMessageParser After reset, output length: 105 resetFlag: true
DEBUG EnhancedMessageParser Auto-wrapped shell code block as command: bash
DEBUG EnhancedMessageParser Detected code blocks to wrap, resetting parser for message: perf_test_99_1
DEBUG EnhancedMessageParser Input length: 50 Enhanced input length: 175
DEBUG EnhancedMessageParser After reset, output length: 120 resetFlag: true
DEBUG EnhancedMessageParser Auto-wrapped code block as file: /config.json
DEBUG EnhancedMessageParser Detected code blocks to wrap, resetting parser for message: perf_test_99_2
DEBUG EnhancedMessageParser Input length: 49 Enhanced input length: 177
DEBUG EnhancedMessageParser After reset, output length: 105 resetFlag: true
Performance: 0.3438ms per operation
Artifacts detected: 300
Actions detected: 300

 [32m✓[39m app/lib/runtime/message-parser.spec.ts [2m([22m[2m45 tests[22m[2m)[22m[90m 180[2mms[22m[39m
 [31m❯[39m app/components/ui/__tests__/Button.test.tsx [2m([22m[2m0 test[22m[2m)[22m
[90mstdout[2m | app/lib/services/ragService.test.ts[2m > [22m[2mRAGService Validation[2m > [22m[2mshould initialize, clear, index and query
[22m[39mINFO rag-service RAG Service initialized with PGVectorStore (text-embedding-3-small, 1536 dims, Chunk: 1024/200)

[90mstdout[2m | app/lib/services/ragService.test.ts[2m > [22m[2mRAGService Validation[2m > [22m[2mshould initialize, clear, index and query
[22m[39mERROR rag-service Error clearing global index AggregateError
Index cleared.

 [31m❯[39m app/lib/services/ragService.test.ts [2m([22m[2m1 test[22m[2m | [22m[31m1 failed[39m[2m)[22m[33m 893[2mms[22m[39m
[31m   [31m×[31m RAGService Validation[2m > [22mshould initialize, clear, index and query[33m 892[2mms[22m[31m[39m
[31m     → It looks like you're running in a browser-like environment.

This is disabled by default, as it risks exposing your secret API credentials to attackers.
If you understand the risks and have appropriate mitigations in place,
you can set the `dangerouslyAllowBrowser` option to `true`, e.g.,

new OpenAI({ apiKey, dangerouslyAllowBrowser: true });

https://help.openai.com/en/articles/5112595-best-practices-for-api-key-safety
[39m
[90mstdout[2m | app/components/chat/Markdown.spec.ts
[22m[39mINFO LLMManager Registered 3 providers: Anthropic, Google, OpenAI

[90mstdout[2m | app/components/chat/Markdown.spec.ts
[22m[39mINFO Debug logger initialized

 [31m❯[39m app/components/chat/Markdown.spec.ts [2m([22m[2m0 test[22m[2m)[22m

[31m⎯⎯⎯⎯⎯⎯[1m[7m Failed Suites 4 [27m[22m⎯⎯⎯⎯⎯⎯⎯[39m

[31m[1m[7m FAIL [27m[22m[39m app/lib/security.test.ts[2m [ app/lib/security.test.ts ][22m
[31m[1mError[22m: [31mServer-only module referenced by client[31m

    '~/lib/csrf.server' imported by 'app/lib/security.ts'

  See https://remix.run/docs/en/main/guides/vite#splitting-up-client-and-server-code
[39m
  Plugin: [35mvite:import-analysis[39m
  File: [36mC:/software/Devonz/app/lib/security.ts[39m
[90m [2m❯[22m ResolveIdContext.resolveId node_modules/.pnpm/@remix-run+dev@2.17.4_@remix-run+react@2.17.4_react-dom@18.3.1_react@18.3.1__react@18.3.1_typ_7w4qtam4uie7dpcksn742rddcq/node_modules/@remix-run/dev/dist/vite/plugin.js:[2m984:13[22m[39m
[90m [2m❯[22m PluginContainer.resolveId node_modules/.pnpm/vite@5.4.21_@types+node@25.2.3_sass-embedded@1.97.3_sass@1.97.3/node_modules/vite/dist/node/chunks/dep-BK3b2jBa.js:[2m49017:22[22m[39m
[90m [2m❯[22m TransformPluginContext.resolve node_modules/.pnpm/vite@5.4.21_@types+node@25.2.3_sass-embedded@1.97.3_sass@1.97.3/node_modules/vite/dist/node/chunks/dep-BK3b2jBa.js:[2m49178:15[22m[39m
[90m [2m❯[22m normalizeUrl node_modules/.pnpm/vite@5.4.21_@types+node@25.2.3_sass-embedded@1.97.3_sass@1.97.3/node_modules/vite/dist/node/chunks/dep-BK3b2jBa.js:[2m64300:26[22m[39m
[90m [2m❯[22m node_modules/.pnpm/vite@5.4.21_@types+node@25.2.3_sass-embedded@1.97.3_sass@1.97.3/node_modules/vite/dist/node/chunks/dep-BK3b2jBa.js:[2m64439:39[22m[39m
[90m [2m❯[22m TransformPluginContext.transform node_modules/.pnpm/vite@5.4.21_@types+node@25.2.3_sass-embedded@1.97.3_sass@1.97.3/node_modules/vite/dist/node/chunks/dep-BK3b2jBa.js:[2m64366:7[22m[39m
[90m [2m❯[22m PluginContainer.transform node_modules/.pnpm/vite@5.4.21_@types+node@25.2.3_sass-embedded@1.97.3_sass@1.97.3/node_modules/vite/dist/node/chunks/dep-BK3b2jBa.js:[2m49099:18[22m[39m
[90m [2m❯[22m loadAndTransform node_modules/.pnpm/vite@5.4.21_@types+node@25.2.3_sass-embedded@1.97.3_sass@1.97.3/node_modules/vite/dist/node/chunks/dep-BK3b2jBa.js:[2m51978:27[22m[39m

[31m[2m⎯⎯⎯⎯⎯⎯⎯⎯⎯⎯⎯⎯⎯⎯⎯⎯⎯⎯⎯⎯⎯⎯⎯[1/16]⎯[22m[39m

[31m[1m[7m FAIL [27m[22m[39m app/components/chat/Markdown.spec.ts[2m [ app/components/chat/Markdown.spec.ts ][22m
[31m[1mTypeError[22m: Cannot read properties of undefined (reading 'webcontainerContext')[39m
[36m [2m❯[22m app/lib/webcontainer/index.ts:[2m9:74[22m[39m
    [90m  7| [39m}
    [90m  8| [39m
    [90m  9| [39m[35mexport[39m [35mconst[39m webcontainerContext[33m:[39m [33mWebContainerContext[39m [33m=[39m [35mimport[39m[33m.[39mmeta[33m.[39mho…
    [90m   | [39m                                                                         [31m^[39m
    [90m 10| [39m  loaded[33m:[39m [35mfalse[39m[33m,[39m
    [90m 11| [39m}[33m;[39m
[90m [2m❯[22m app/lib/stores/workbench.ts:[2m7:31[22m[39m

[31m[2m⎯⎯⎯⎯⎯⎯⎯⎯⎯⎯⎯⎯⎯⎯⎯⎯⎯⎯⎯⎯⎯⎯⎯[2/16]⎯[22m[39m

[31m[1m[7m FAIL [27m[22m[39m app/lib/services/contextService.spec.ts[2m [ app/lib/services/contextService.spec.ts ][22m
[31m[1mError[22m: [31mServer-only module referenced by client[31m

    '~/lib/.server/llm/create-summary' imported by 'app/lib/services/contextService.spec.ts'

  See https://remix.run/docs/en/main/guides/vite#splitting-up-client-and-server-code
[39m
  Plugin: [35mvite:import-analysis[39m
  File: [36mC:/software/Devonz/app/lib/services/contextService.spec.ts[39m
[90m [2m❯[22m ResolveIdContext.resolveId node_modules/.pnpm/@remix-run+dev@2.17.4_@remix-run+react@2.17.4_react-dom@18.3.1_react@18.3.1__react@18.3.1_typ_7w4qtam4uie7dpcksn742rddcq/node_modules/@remix-run/dev/dist/vite/plugin.js:[2m984:13[22m[39m
[90m [2m❯[22m PluginContainer.resolveId node_modules/.pnpm/vite@5.4.21_@types+node@25.2.3_sass-embedded@1.97.3_sass@1.97.3/node_modules/vite/dist/node/chunks/dep-BK3b2jBa.js:[2m49017:22[22m[39m
[90m [2m❯[22m TransformPluginContext.resolve node_modules/.pnpm/vite@5.4.21_@types+node@25.2.3_sass-embedded@1.97.3_sass@1.97.3/node_modules/vite/dist/node/chunks/dep-BK3b2jBa.js:[2m49178:15[22m[39m
[90m [2m❯[22m normalizeUrl node_modules/.pnpm/vite@5.4.21_@types+node@25.2.3_sass-embedded@1.97.3_sass@1.97.3/node_modules/vite/dist/node/chunks/dep-BK3b2jBa.js:[2m64300:26[22m[39m
[90m [2m❯[22m node_modules/.pnpm/vite@5.4.21_@types+node@25.2.3_sass-embedded@1.97.3_sass@1.97.3/node_modules/vite/dist/node/chunks/dep-BK3b2jBa.js:[2m64439:39[22m[39m
[90m [2m❯[22m TransformPluginContext.transform node_modules/.pnpm/vite@5.4.21_@types+node@25.2.3_sass-embedded@1.97.3_sass@1.97.3/node_modules/vite/dist/node/chunks/dep-BK3b2jBa.js:[2m64366:7[22m[39m
[90m [2m❯[22m PluginContainer.transform node_modules/.pnpm/vite@5.4.21_@types+node@25.2.3_sass-embedded@1.97.3_sass@1.97.3/node_modules/vite/dist/node/chunks/dep-BK3b2jBa.js:[2m49099:18[22m[39m
[90m [2m❯[22m loadAndTransform node_modules/.pnpm/vite@5.4.21_@types+node@25.2.3_sass-embedded@1.97.3_sass@1.97.3/node_modules/vite/dist/node/chunks/dep-BK3b2jBa.js:[2m51978:27[22m[39m

[31m[2m⎯⎯⎯⎯⎯⎯⎯⎯⎯⎯⎯⎯⎯⎯⎯⎯⎯⎯⎯⎯⎯⎯⎯[3/16]⎯[22m[39m

[31m[1m[7m FAIL [27m[22m[39m app/components/ui/__tests__/Button.test.tsx[2m [ app/components/ui/__tests__/Button.test.tsx ][22m
[31m[1mError[22m: Remix Vite plugin can't detect preamble. Something is wrong.[39m
[36m [2m❯[22m app/components/ui/Button.tsx:[2m10:358[22m[39m
    [90m 11| [39m          [32m'bg-bolt-elements-button-secondary-background text-bolt-elem[39m…
    [90m 12| [39m        destructive[33m:[39m
    [90m 13| [39m          [32m'bg-bolt-elements-button-danger-background text-bolt-element[39m…
    [90m   | [39m                                                                                                                  [31m^[39m
    [90m 14| [39m        outline[33m:[39m
    [90m 15| [39m          [32m'border border-bolt-elements-borderColor bg-transparent hove[39m…
[90m [2m❯[22m app/components/ui/__tests__/Button.test.tsx:[2m7:31[22m[39m

[31m[2m⎯⎯⎯⎯⎯⎯⎯⎯⎯⎯⎯⎯⎯⎯⎯⎯⎯⎯⎯⎯⎯⎯⎯[4/16]⎯[22m[39m

[31m⎯⎯⎯⎯⎯⎯[1m[7m Failed Tests 12 [27m[22m⎯⎯⎯⎯⎯⎯⎯[39m

[31m[1m[7m FAIL [27m[22m[39m app/utils/fileUtils.spec.ts[2m > [22mfileUtils[2m > [22misBinaryFile[2m > [22mshould detect text file as non-binary
[31m[1mTypeError[22m: file.slice(...).arrayBuffer is not a function[39m
[36m [2m❯[22m Module.isBinaryFile app/utils/fileUtils.ts:[2m31:64[22m[39m
    [90m 29| [39m[35mexport[39m [35mconst[39m isBinaryFile [33m=[39m [35masync[39m (file[33m:[39m [33mFile[39m)[33m:[39m [33mPromise[39m[33m<[39mboolean[33m>[39m [33m=>[39m {
    [90m 30| [39m  [35mconst[39m chunkSize [33m=[39m [34m1024[39m[33m;[39m
    [90m 31| [39m  [35mconst[39m buffer [33m=[39m [35mnew[39m [33mUint8Array[39m([35mawait[39m file[33m.[39m[34mslice[39m([34m0[39m[33m,[39m chunkSize)[33m.[39m[34marrayBu[39m…
    [90m   | [39m                                                               [31m^[39m
    [90m 32| [39m
    [90m 33| [39m  [35mfor[39m ([35mlet[39m i [33m=[39m [34m0[39m[33m;[39m i [33m<[39m buffer[33m.[39mlength[33m;[39m i[33m++[39m) {
[90m [2m❯[22m app/utils/fileUtils.spec.ts:[2m111:28[22m[39m

[31m[2m⎯⎯⎯⎯⎯⎯⎯⎯⎯⎯⎯⎯⎯⎯⎯⎯⎯⎯⎯⎯⎯⎯⎯[5/16]⎯[22m[39m

[31m[1m[7m FAIL [27m[22m[39m app/utils/fileUtils.spec.ts[2m > [22mfileUtils[2m > [22misBinaryFile[2m > [22mshould detect file with null bytes as binary
[31m[1mTypeError[22m: file.slice(...).arrayBuffer is not a function[39m
[36m [2m❯[22m Module.isBinaryFile app/utils/fileUtils.ts:[2m31:64[22m[39m
    [90m 29| [39m[35mexport[39m [35mconst[39m isBinaryFile [33m=[39m [35masync[39m (file[33m:[39m [33mFile[39m)[33m:[39m [33mPromise[39m[33m<[39mboolean[33m>[39m [33m=>[39m {
    [90m 30| [39m  [35mconst[39m chunkSize [33m=[39m [34m1024[39m[33m;[39m
    [90m 31| [39m  [35mconst[39m buffer [33m=[39m [35mnew[39m [33mUint8Array[39m([35mawait[39m file[33m.[39m[34mslice[39m([34m0[39m[33m,[39m chunkSize)[33m.[39m[34marrayBu[39m…
    [90m   | [39m                                                               [31m^[39m
    [90m 32| [39m
    [90m 33| [39m  [35mfor[39m ([35mlet[39m i [33m=[39m [34m0[39m[33m;[39m i [33m<[39m buffer[33m.[39mlength[33m;[39m i[33m++[39m) {
[90m [2m❯[22m app/utils/fileUtils.spec.ts:[2m119:28[22m[39m

[31m[2m⎯⎯⎯⎯⎯⎯⎯⎯⎯⎯⎯⎯⎯⎯⎯⎯⎯⎯⎯⎯⎯⎯⎯[6/16]⎯[22m[39m

[31m[1m[7m FAIL [27m[22m[39m app/utils/fileUtils.spec.ts[2m > [22mfileUtils[2m > [22misBinaryFile[2m > [22mshould detect file with control characters as binary
[31m[1mTypeError[22m: file.slice(...).arrayBuffer is not a function[39m
[36m [2m❯[22m Module.isBinaryFile app/utils/fileUtils.ts:[2m31:64[22m[39m
    [90m 29| [39m[35mexport[39m [35mconst[39m isBinaryFile [33m=[39m [35masync[39m (file[33m:[39m [33mFile[39m)[33m:[39m [33mPromise[39m[33m<[39mboolean[33m>[39m [33m=>[39m {
    [90m 30| [39m  [35mconst[39m chunkSize [33m=[39m [34m1024[39m[33m;[39m
    [90m 31| [39m  [35mconst[39m buffer [33m=[39m [35mnew[39m [33mUint8Array[39m([35mawait[39m file[33m.[39m[34mslice[39m([34m0[39m[33m,[39m chunkSize)[33m.[39m[34marrayBu[39m…
    [90m   | [39m                                                               [31m^[39m
    [90m 32| [39m
    [90m 33| [39m  [35mfor[39m ([35mlet[39m i [33m=[39m [34m0[39m[33m;[39m i [33m<[39m buffer[33m.[39mlength[33m;[39m i[33m++[39m) {
[90m [2m❯[22m app/utils/fileUtils.spec.ts:[2m128:28[22m[39m

[31m[2m⎯⎯⎯⎯⎯⎯⎯⎯⎯⎯⎯⎯⎯⎯⎯⎯⎯⎯⎯⎯⎯⎯⎯[7/16]⎯[22m[39m

[31m[1m[7m FAIL [27m[22m[39m app/utils/fileUtils.spec.ts[2m > [22mfileUtils[2m > [22misBinaryFile[2m > [22mshould allow tab characters in text files
[31m[1mTypeError[22m: file.slice(...).arrayBuffer is not a function[39m
[36m [2m❯[22m Module.isBinaryFile app/utils/fileUtils.ts:[2m31:64[22m[39m
    [90m 29| [39m[35mexport[39m [35mconst[39m isBinaryFile [33m=[39m [35masync[39m (file[33m:[39m [33mFile[39m)[33m:[39m [33mPromise[39m[33m<[39mboolean[33m>[39m [33m=>[39m {
    [90m 30| [39m  [35mconst[39m chunkSize [33m=[39m [34m1024[39m[33m;[39m
    [90m 31| [39m  [35mconst[39m buffer [33m=[39m [35mnew[39m [33mUint8Array[39m([35mawait[39m file[33m.[39m[34mslice[39m([34m0[39m[33m,[39m chunkSize)[33m.[39m[34marrayBu[39m…
    [90m   | [39m                                                               [31m^[39m
    [90m 32| [39m
    [90m 33| [39m  [35mfor[39m ([35mlet[39m i [33m=[39m [34m0[39m[33m;[39m i [33m<[39m buffer[33m.[39mlength[33m;[39m i[33m++[39m) {
[90m [2m❯[22m app/utils/fileUtils.spec.ts:[2m136:28[22m[39m

[31m[2m⎯⎯⎯⎯⎯⎯⎯⎯⎯⎯⎯⎯⎯⎯⎯⎯⎯⎯⎯⎯⎯⎯⎯[8/16]⎯[22m[39m

[31m[1m[7m FAIL [27m[22m[39m app/utils/fileUtils.spec.ts[2m > [22mfileUtils[2m > [22misBinaryFile[2m > [22mshould allow newline characters
[31m[1mTypeError[22m: file.slice(...).arrayBuffer is not a function[39m
[36m [2m❯[22m Module.isBinaryFile app/utils/fileUtils.ts:[2m31:64[22m[39m
    [90m 29| [39m[35mexport[39m [35mconst[39m isBinaryFile [33m=[39m [35masync[39m (file[33m:[39m [33mFile[39m)[33m:[39m [33mPromise[39m[33m<[39mboolean[33m>[39m [33m=>[39m {
    [90m 30| [39m  [35mconst[39m chunkSize [33m=[39m [34m1024[39m[33m;[39m
    [90m 31| [39m  [35mconst[39m buffer [33m=[39m [35mnew[39m [33mUint8Array[39m([35mawait[39m file[33m.[39m[34mslice[39m([34m0[39m[33m,[39m chunkSize)[33m.[39m[34marrayBu[39m…
    [90m   | [39m                                                               [31m^[39m
    [90m 32| [39m
    [90m 33| [39m  [35mfor[39m ([35mlet[39m i [33m=[39m [34m0[39m[33m;[39m i [33m<[39m buffer[33m.[39mlength[33m;[39m i[33m++[39m) {
[90m [2m❯[22m app/utils/fileUtils.spec.ts:[2m144:28[22m[39m

[31m[2m⎯⎯⎯⎯⎯⎯⎯⎯⎯⎯⎯⎯⎯⎯⎯⎯⎯⎯⎯⎯⎯⎯⎯[9/16]⎯[22m[39m

[31m[1m[7m FAIL [27m[22m[39m app/utils/fileUtils.spec.ts[2m > [22mfileUtils[2m > [22misBinaryFile[2m > [22mshould handle empty file
[31m[1mTypeError[22m: file.slice(...).arrayBuffer is not a function[39m
[36m [2m❯[22m Module.isBinaryFile app/utils/fileUtils.ts:[2m31:64[22m[39m
    [90m 29| [39m[35mexport[39m [35mconst[39m isBinaryFile [33m=[39m [35masync[39m (file[33m:[39m [33mFile[39m)[33m:[39m [33mPromise[39m[33m<[39mboolean[33m>[39m [33m=>[39m {
    [90m 30| [39m  [35mconst[39m chunkSize [33m=[39m [34m1024[39m[33m;[39m
    [90m 31| [39m  [35mconst[39m buffer [33m=[39m [35mnew[39m [33mUint8Array[39m([35mawait[39m file[33m.[39m[34mslice[39m([34m0[39m[33m,[39m chunkSize)[33m.[39m[34marrayBu[39m…
    [90m   | [39m                                                               [31m^[39m
    [90m 32| [39m
    [90m 33| [39m  [35mfor[39m ([35mlet[39m i [33m=[39m [34m0[39m[33m;[39m i [33m<[39m buffer[33m.[39mlength[33m;[39m i[33m++[39m) {
[90m [2m❯[22m app/utils/fileUtils.spec.ts:[2m151:28[22m[39m

[31m[2m⎯⎯⎯⎯⎯⎯⎯⎯⎯⎯⎯⎯⎯⎯⎯⎯⎯⎯⎯⎯⎯⎯[10/16]⎯[22m[39m

[31m[1m[7m FAIL [27m[22m[39m app/utils/fileUtils.spec.ts[2m > [22mfileUtils[2m > [22misBinaryFile[2m > [22mshould only check first 1024 bytes
[31m[1mTypeError[22m: file.slice(...).arrayBuffer is not a function[39m
[36m [2m❯[22m Module.isBinaryFile app/utils/fileUtils.ts:[2m31:64[22m[39m
    [90m 29| [39m[35mexport[39m [35mconst[39m isBinaryFile [33m=[39m [35masync[39m (file[33m:[39m [33mFile[39m)[33m:[39m [33mPromise[39m[33m<[39mboolean[33m>[39m [33m=>[39m {
    [90m 30| [39m  [35mconst[39m chunkSize [33m=[39m [34m1024[39m[33m;[39m
    [90m 31| [39m  [35mconst[39m buffer [33m=[39m [35mnew[39m [33mUint8Array[39m([35mawait[39m file[33m.[39m[34mslice[39m([34m0[39m[33m,[39m chunkSize)[33m.[39m[34marrayBu[39m…
    [90m   | [39m                                                               [31m^[39m
    [90m 32| [39m
    [90m 33| [39m  [35mfor[39m ([35mlet[39m i [33m=[39m [34m0[39m[33m;[39m i [33m<[39m buffer[33m.[39mlength[33m;[39m i[33m++[39m) {
[90m [2m❯[22m app/utils/fileUtils.spec.ts:[2m161:28[22m[39m

[31m[2m⎯⎯⎯⎯⎯⎯⎯⎯⎯⎯⎯⎯⎯⎯⎯⎯⎯⎯⎯⎯⎯⎯[11/16]⎯[22m[39m

[31m[1m[7m FAIL [27m[22m[39m app/utils/fileUtils.spec.ts[2m > [22mfileUtils[2m > [22misBinaryFile[2m > [22mshould detect JSON as non-binary
[31m[1mTypeError[22m: file.slice(...).arrayBuffer is not a function[39m
[36m [2m❯[22m Module.isBinaryFile app/utils/fileUtils.ts:[2m31:64[22m[39m
    [90m 29| [39m[35mexport[39m [35mconst[39m isBinaryFile [33m=[39m [35masync[39m (file[33m:[39m [33mFile[39m)[33m:[39m [33mPromise[39m[33m<[39mboolean[33m>[39m [33m=>[39m {
    [90m 30| [39m  [35mconst[39m chunkSize [33m=[39m [34m1024[39m[33m;[39m
    [90m 31| [39m  [35mconst[39m buffer [33m=[39m [35mnew[39m [33mUint8Array[39m([35mawait[39m file[33m.[39m[34mslice[39m([34m0[39m[33m,[39m chunkSize)[33m.[39m[34marrayBu[39m…
    [90m   | [39m                                                               [31m^[39m
    [90m 32| [39m
    [90m 33| [39m  [35mfor[39m ([35mlet[39m i [33m=[39m [34m0[39m[33m;[39m i [33m<[39m buffer[33m.[39mlength[33m;[39m i[33m++[39m) {
[90m [2m❯[22m app/utils/fileUtils.spec.ts:[2m172:28[22m[39m

[31m[2m⎯⎯⎯⎯⎯⎯⎯⎯⎯⎯⎯⎯⎯⎯⎯⎯⎯⎯⎯⎯⎯⎯[12/16]⎯[22m[39m

[31m[1m[7m FAIL [27m[22m[39m app/lib/services/ragService.test.ts[2m > [22mRAGService Validation[2m > [22mshould initialize, clear, index and query
[31m[1mError[22m: It looks like you're running in a browser-like environment.

This is disabled by default, as it risks exposing your secret API credentials to attackers.
If you understand the risks and have appropriate mitigations in place,
you can set the `dangerouslyAllowBrowser` option to `true`, e.g.,

new OpenAI({ apiKey, dangerouslyAllowBrowser: true });

https://help.openai.com/en/articles/5112595-best-practices-for-api-key-safety
[39m
[90m [2m❯[22m new OpenAI node_modules/.pnpm/openai@5.23.2_ws@8.19.0_zod@3.25.76/node_modules/openai/src/client.ts:[2m376:13[22m[39m
[36m [2m❯[22m node_modules/.pnpm/@llamaindex+openai@0.4.22_@llamaindex+core@0.6.22_@llamaindex+env@0.1.30_ws@8.19.0_zod@3.25.76/node_modules/@llamaindex/openai/dist/index.js:[2m1331:24[22m[39m
    [90m1329| [39m        [35mthis[39m[33m.[39mbaseURL [33m=[39m init[33m?.[39msession[33m?.[39mbaseURL [33m??[39m init[33m?.[39mbaseURL[33m;[39m [90m// Don[39m…
    [90m1330| [39m        [35mthis[39m[33m.[39mlazySession [33m=[39m [35masync[39m ()[33m=>[39minit[33m?.[39msession [33m??[39m [35mimport[39m([32m'openai'[39m)…
    [90m1331| [39m                [35mreturn[39m [35mnew[39m [33mOpenAI[39m({
    [90m   | [39m                       [31m^[39m
    [90m1332| [39m                    apiKey[33m:[39m [35mthis[39m[33m.[39mapiKey [33m??[39m [34mgetEnv[39m([32m"OPENAI_API_KEY"[39m)[33m,[39m
    [90m1333| [39m                    baseURL[33m:[39m [35mthis[39m[33m.[39mbaseURL [33m??[39m [34mgetEnv[39m([32m"OPENAI_BASE_URL"[39m)[33m,[39m
[90m [2m❯[22m Function.getOpenAIEmbedding node_modules/.pnpm/@llamaindex+openai@0.4.22_@llamaindex+core@0.6.22_@llamaindex+env@0.1.30_ws@8.19.0_zod@3.25.76/node_modules/@llamaindex/openai/dist/index.js:[2m1347:33[22m[39m
[90m [2m❯[22m batchEmbeddings node_modules/.pnpm/@llamaindex+core@0.6.22/node_modules/@llamaindex/core/embeddings/dist/index.js:[2m239:32[22m[39m
[90m [2m❯[22m Function.getTextEmbeddingsBatch node_modules/.pnpm/@llamaindex+core@0.6.22/node_modules/@llamaindex/core/embeddings/dist/index.js:[2m221:16[22m[39m
[90m [2m❯[22m node_modules/.pnpm/@llamaindex+core@0.6.22/node_modules/@llamaindex/core/embeddings/dist/index.js:[2m191:36[22m[39m
[90m [2m❯[22m VectorStoreIndex.getNodeEmbeddingResults node_modules/.pnpm/llamaindex@0.12.1_@modelcontextprotocol+sdk@1.26.0_@cfworker+json-schema@4.1.1_zod@3.25.76__h_a4p7bmxw3p2rrwkvizwbmiplua/node_modules/llamaindex/indices/dist/index.js:[2m2409:17[22m[39m
[90m [2m❯[22m VectorStoreIndex.insertNodes node_modules/.pnpm/llamaindex@0.12.1_@modelcontextprotocol+sdk@1.26.0_@cfworker+json-schema@4.1.1_zod@3.25.76__h_a4p7bmxw3p2rrwkvizwbmiplua/node_modules/llamaindex/indices/dist/index.js:[2m2527:17[22m[39m
[90m [2m❯[22m VectorStoreIndex.buildIndexFromNodes node_modules/.pnpm/llamaindex@0.12.1_@modelcontextprotocol+sdk@1.26.0_@cfworker+json-schema@4.1.1_zod@3.25.76__h_a4p7bmxw3p2rrwkvizwbmiplua/node_modules/llamaindex/indices/dist/index.js:[2m2422:9[22m[39m

[31m[2m⎯⎯⎯⎯⎯⎯⎯⎯⎯⎯⎯⎯⎯⎯⎯⎯⎯⎯⎯⎯⎯⎯[13/16]⎯[22m[39m

[31m[1m[7m FAIL [27m[22m[39m app/lib/modules/__tests__/security.test.ts[2m > [22mSecurity Regression: SSRF Protection[2m > [22mshould block localhost and local hostnames
[31m[1mAssertionError[22m: expected true to be false // Object.is equality[39m

[32m- Expected[39m
[31m+ Received[39m

[32m- false[39m
[31m+ true[39m

[36m [2m❯[22m app/lib/modules/__tests__/security.test.ts:[2m29:22[22m[39m
    [90m 27| [39m    [35mfor[39m ([35mconst[39m name [35mof[39m localNames) {
    [90m 28| [39m      [35mconst[39m isSafe [33m=[39m [35mawait[39m ssrfGuard[33m.[39m[34mvalidateUrl[39m(name)[33m;[39m
    [90m 29| [39m      [34mexpect[39m(isSafe)[33m.[39m[34mtoBe[39m([35mfalse[39m)[33m;[39m
    [90m   | [39m                     [31m^[39m
    [90m 30| [39m    }
    [90m 31| [39m  })[33m;[39m

[31m[2m⎯⎯⎯⎯⎯⎯⎯⎯⎯⎯⎯⎯⎯⎯⎯⎯⎯⎯⎯⎯⎯⎯[14/16]⎯[22m[39m

[31m[1m[7m FAIL [27m[22m[39m app/lib/modules/__tests__/security.test.ts[2m > [22mSecurity Regression: Log Redaction[2m > [22mshould scrub API keys and secrets from strings
[31m[1mAssertionError[22m: expected 'Error connecting with sk-1234567890ab…' not to contain 'sk-12345678'[39m

Expected: [32m"sk-12345678"[39m
Received: [31m"Error connecting with sk-1234567890abcdef and key=secret_val_hash"[39m

[36m [2m❯[22m app/lib/modules/__tests__/security.test.ts:[2m39:26[22m[39m
    [90m 37| [39m    [35mconst[39m redacted [33m=[39m logRedactor[33m.[39m[34mredact[39m(sensitiveLog)[33m;[39m
    [90m 38| [39m
    [90m 39| [39m    [34mexpect[39m(redacted)[33m.[39mnot[33m.[39m[34mtoContain[39m([32m'sk-12345678'[39m)[33m;[39m
    [90m   | [39m                         [31m^[39m
    [90m 40| [39m    [34mexpect[39m(redacted)[33m.[39m[34mtoContain[39m([32m'[REDACTED:API Key]'[39m)[33m;[39m
    [90m 41| [39m  })[33m;[39m

[31m[2m⎯⎯⎯⎯⎯⎯⎯⎯⎯⎯⎯⎯⎯⎯⎯⎯⎯⎯⎯⎯⎯⎯[15/16]⎯[22m[39m

[31m[1m[7m FAIL [27m[22m[39m app/lib/modules/__tests__/security.test.ts[2m > [22mSecurity Regression: Log Redaction[2m > [22mshould scrub tokens from authorization headers
[31m[1mAssertionError[22m: expected 'Bearer [REDACTED:API Key]' to be '[REDACTED]' // Object.is equality[39m

Expected: [32m"[REDACTED]"[39m
Received: [31m"[7mBearer [27m[REDACTED[7m:API Key[27m]"[39m

[36m [2m❯[22m app/lib/modules/__tests__/security.test.ts:[2m47:27[22m[39m
    [90m 45| [39m    [35mconst[39m redacted [33m=[39m logRedactor[33m.[39m[34mredactObject[39m({ auth[33m:[39m authHeader })[33m;[39m
    [90m 46| [39m
    [90m 47| [39m    [34mexpect[39m(redacted[33m.[39mauth)[33m.[39m[34mtoBe[39m([32m'[REDACTED]'[39m)[33m;[39m
    [90m   | [39m                          [31m^[39m
    [90m 48| [39m  })[33m;[39m
    [90m 49| [39m})[33m;[39m

[31m[2m⎯⎯⎯⎯⎯⎯⎯⎯⎯⎯⎯⎯⎯⎯⎯⎯⎯⎯⎯⎯⎯⎯[16/16]⎯[22m[39m

[2m Test Files [22m [1m[31m7 failed[39m[22m[2m | [22m[1m[32m17 passed[39m[22m[90m (24)[39m
[2m      Tests [22m [1m[31m12 failed[39m[22m[2m | [22m[1m[32m297 passed[39m[22m[90m (309)[39m
[2m   Start at [22m 20:08:29
[2m   Duration [22m 3.74s[2m (transform 4.31s, setup 1.94s, collect 7.25s, tests 1.34s, environment 31.64s, prepare 11.01s)[22m

